Archive member included to satisfy reference by file (symbol)

build/lib/boards/edu-ciaa-nxp.a(armv7m_startup.o)
                              (Reset_Handler)
build/lib/boards/edu-ciaa-nxp.a(sysinit.o)
                              build/lib/boards/edu-ciaa-nxp.a(armv7m_startup.o) (SystemInit)
build/lib/boards/edu-ciaa-nxp.a(board_lpcopen.o)
                              build/lib/boards/edu-ciaa-nxp.a(sysinit.o) (Board_Init)
build/lib/boards/edu-ciaa-nxp.a(board_sysinit.o)
                              build/lib/boards/edu-ciaa-nxp.a(sysinit.o) (Board_SystemInit)
build/lib/boards/edu-ciaa-nxp.a(sysinit_18xx_43xx.o)
                              build/lib/boards/edu-ciaa-nxp.a(board_sysinit.o) (Chip_SetupCoreClock)
build/lib/boards/edu-ciaa-nxp.a(adc_18xx_43xx.o)
                              build/lib/boards/edu-ciaa-nxp.a(board_lpcopen.o) (Chip_ADC_Init)
build/lib/boards/edu-ciaa-nxp.a(i2c_18xx_43xx.o)
                              build/lib/boards/edu-ciaa-nxp.a(board_lpcopen.o) (Chip_I2C_Init)
build/lib/boards/edu-ciaa-nxp.a(uart_18xx_43xx.o)
                              build/lib/boards/edu-ciaa-nxp.a(board_lpcopen.o) (Chip_UART_Init)
build/lib/boards/edu-ciaa-nxp.a(ssp_18xx_43xx.o)
                              build/lib/boards/edu-ciaa-nxp.a(board_lpcopen.o) (Chip_SSP_SetBitRate)
build/lib/boards/edu-ciaa-nxp.a(ring_buffer.o)
                              build/lib/boards/edu-ciaa-nxp.a(uart_18xx_43xx.o) (RingBuffer_Insert)
build/lib/boards/edu-ciaa-nxp.a(clock_18xx_43xx.o)
                              build/lib/boards/edu-ciaa-nxp.a(sysinit_18xx_43xx.o) (Chip_Clock_EnableCrystal)
build/lib/boards/edu-ciaa-nxp.a(chip_18xx_43xx.o)
                              build/lib/boards/edu-ciaa-nxp.a(board_sysinit.o) (SystemCoreClockUpdate)
build/lib/boards/edu-ciaa-nxp.a(gpio_18xx_43xx.o)
                              build/lib/boards/edu-ciaa-nxp.a(board_lpcopen.o) (Chip_GPIO_Init)
/home/sebastian/CIAA/CIAA_Software_1.0-linux-x64/tools/gcc-arm-embedded/bin/../lib/gcc/arm-none-eabi/8.2.1/thumb/v7e-m+fp/softfp/libgcc.a(_aeabi_uldivmod.o)
                              build/lib/boards/edu-ciaa-nxp.a(uart_18xx_43xx.o) (__aeabi_uldivmod)
/home/sebastian/CIAA/CIAA_Software_1.0-linux-x64/tools/gcc-arm-embedded/bin/../lib/gcc/arm-none-eabi/8.2.1/thumb/v7e-m+fp/softfp/libgcc.a(_udivmoddi4.o)
                              /home/sebastian/CIAA/CIAA_Software_1.0-linux-x64/tools/gcc-arm-embedded/bin/../lib/gcc/arm-none-eabi/8.2.1/thumb/v7e-m+fp/softfp/libgcc.a(_aeabi_uldivmod.o) (__udivmoddi4)
/home/sebastian/CIAA/CIAA_Software_1.0-linux-x64/tools/gcc-arm-embedded/bin/../lib/gcc/arm-none-eabi/8.2.1/thumb/v7e-m+fp/softfp/libgcc.a(_dvmd_tls.o)
                              /home/sebastian/CIAA/CIAA_Software_1.0-linux-x64/tools/gcc-arm-embedded/bin/../lib/gcc/arm-none-eabi/8.2.1/thumb/v7e-m+fp/softfp/libgcc.a(_aeabi_uldivmod.o) (__aeabi_ldiv0)
/home/sebastian/CIAA/CIAA_Software_1.0-linux-x64/tools/gcc-arm-embedded/bin/../lib/gcc/arm-none-eabi/8.2.1/../../../../arm-none-eabi/lib/thumb/v7e-m+fp/softfp/libc_nano.a(lib_a-init.o)
                              build/lib/boards/edu-ciaa-nxp.a(armv7m_startup.o) (__libc_init_array)
/home/sebastian/CIAA/CIAA_Software_1.0-linux-x64/tools/gcc-arm-embedded/bin/../lib/gcc/arm-none-eabi/8.2.1/../../../../arm-none-eabi/lib/thumb/v7e-m+fp/softfp/libc_nano.a(lib_a-memcpy-stub.o)
                              build/lib/boards/edu-ciaa-nxp.a(ring_buffer.o) (memcpy)
/home/sebastian/CIAA/CIAA_Software_1.0-linux-x64/tools/gcc-arm-embedded/bin/../lib/gcc/arm-none-eabi/8.2.1/../../../../arm-none-eabi/lib/thumb/v7e-m+fp/softfp/libc_nano.a(lib_a-memset.o)
                              build/lib/boards/edu-ciaa-nxp.a(clock_18xx_43xx.o) (memset)

Allocating common symbols
Common symbol       size              file

SystemCoreClock     0x4               build/lib/boards/edu-ciaa-nxp.a(chip_18xx_43xx.o)

Discarded input sections

 .group         0x0000000000000000        0xc build/obj/src/digital.o
 .group         0x0000000000000000        0xc build/obj/src/digital.o
 .group         0x0000000000000000        0xc build/obj/src/digital.o
 .group         0x0000000000000000        0xc build/obj/src/digital.o
 .group         0x0000000000000000        0xc build/obj/src/digital.o
 .group         0x0000000000000000        0xc build/obj/src/digital.o
 .group         0x0000000000000000        0xc build/obj/src/digital.o
 .group         0x0000000000000000        0xc build/obj/src/digital.o
 .group         0x0000000000000000        0xc build/obj/src/digital.o
 .group         0x0000000000000000        0xc build/obj/src/digital.o
 .group         0x0000000000000000        0xc build/obj/src/digital.o
 .group         0x0000000000000000        0xc build/obj/src/digital.o
 .group         0x0000000000000000        0xc build/obj/src/digital.o
 .group         0x0000000000000000        0xc build/obj/src/digital.o
 .group         0x0000000000000000        0xc build/obj/src/digital.o
[...]
Memory Configuration

Name             Origin             Length             Attributes
MFlashA512       0x000000001a000000 0x0000000000080000 xr
MFlashB512       0x000000001b000000 0x0000000000080000 xr
RamLoc32         0x0000000010000000 0x0000000000008000 xrw
RamLoc40         0x0000000010080000 0x000000000000a000 xrw
RamAHB32         0x0000000020000000 0x0000000000008000 xrw
RamAHB16         0x0000000020008000 0x0000000000004000 xrw
RamAHB_ETB16     0x000000002000c000 0x0000000000004000 xrw
*default*        0x0000000000000000 0xffffffffffffffff

Linker script and memory map

LOAD build/obj/src/digital.o
LOAD build/obj/src/main.o
LOAD build/lib/boards/edu-ciaa-nxp.a
START GROUP
LOAD /home/sebastian/CIAA/CIAA_Software_1.0-linux-x64/tools/gcc-arm-embedded/bin/../lib/gcc/arm-none-eabi/8.2.1/thumb/v7e-m+fp/softfp/libgcc.a
LOAD /home/sebastian/CIAA/CIAA_Software_1.0-linux-x64/tools/gcc-arm-embedded/bin/../lib/gcc/arm-none-eabi/8.2.1/../../../../arm-none-eabi/lib/thumb/v7e-m+fp/softfp/libc_nano.a
END GROUP
START GROUP
LOAD /home/sebastian/CIAA/CIAA_Software_1.0-linux-x64/tools/gcc-arm-embedded/bin/../lib/gcc/arm-none-eabi/8.2.1/thumb/v7e-m+fp/softfp/libgcc.a
LOAD /home/sebastian/CIAA/CIAA_Software_1.0-linux-x64/tools/gcc-arm-embedded/bin/../lib/gcc/arm-none-eabi/8.2.1/../../../../arm-none-eabi/lib/thumb/v7e-m+fp/softfp/libc_nano.a
LOAD /home/sebastian/CIAA/CIAA_Software_1.0-linux-x64/tools/gcc-arm-embedded/bin/../lib/gcc/arm-none-eabi/8.2.1/../../../../arm-none-eabi/lib/thumb/v7e-m+fp/softfp/libnosys.a
END GROUP
START GROUP
LOAD /home/sebastian/CIAA/CIAA_Software_1.0-linux-x64/tools/gcc-arm-embedded/bin/../lib/gcc/arm-none-eabi/8.2.1/thumb/v7e-m+fp/softfp/libgcc.a
LOAD /home/sebastian/CIAA/CIAA_Software_1.0-linux-x64/tools/gcc-arm-embedded/bin/../lib/gcc/arm-none-eabi/8.2.1/../../../../arm-none-eabi/lib/thumb/v7e-m+fp/softfp/libc_nano.a
LOAD /home/sebastian/CIAA/CIAA_Software_1.0-linux-x64/tools/gcc-arm-embedded/bin/../lib/gcc/arm-none-eabi/8.2.1/../../../../arm-none-eabi/lib/thumb/v7e-m+fp/softfp/libnosys.a
END GROUP
                0x000000001a080000                __top_MFlashA512 = 0x1a080000
                0x000000001b080000                __top_MFlashB512 = 0x1b080000
                0x0000000010008000                __top_RamLoc32 = 0x10008000
                0x000000001008a000                __top_RamLoc40 = 0x1008a000
                0x0000000020008000                __top_RamAHB32 = 0x20008000
                0x000000002000c000                __top_RamAHB16 = 0x2000c000
                0x0000000020010000                __top_RamAHB_ETB16 = 0x20010000
START GROUP
LOAD /home/sebastian/CIAA/CIAA_Software_1.0-linux-x64/tools/gcc-arm-embedded/bin/../lib/gcc/arm-none-eabi/8.2.1/thumb/v7e-m+fp/softfp/libgcc.a
LOAD /home/sebastian/CIAA/CIAA_Software_1.0-linux-x64/tools/gcc-arm-embedded/bin/../lib/gcc/arm-none-eabi/8.2.1/../../../../arm-none-eabi/lib/thumb/v7e-m+fp/softfp/libc.a
LOAD /home/sebastian/CIAA/CIAA_Software_1.0-linux-x64/tools/gcc-arm-embedded/bin/../lib/gcc/arm-none-eabi/8.2.1/../../../../arm-none-eabi/lib/thumb/v7e-m+fp/softfp/libm.a
END GROUP

.text_Flash2    0x000000001b000000        0x0
 FILL mask 0xff
 *(.text_Flash2*)
 *(.text_MFlashB512*)
 *(.text.$Flash2*)
 *(.text.$MFlashB512*)
 *(.rodata.$Flash2*)
 *(.rodata.$MFlashB512*)

.text           0x000000001a000000     0x26b4
 FILL mask 0xff
                0x000000001a000000                __vectors_start__ = ABSOLUTE (.)
 *(.isr_vector)
 .isr_vector    0x000000001a000000       0x40 build/lib/boards/edu-ciaa-nxp.a(armv7m_startup.o)
                0x000000001a000000                g_pfnVectors
 *(.isr_vendor_vector)
                0x000000001a000040                . = ALIGN (0x4)
                0x000000001a000040                __section_table_start = .
                0x000000001a000040                __data_section_table = .
                0x000000001a000040        0x4 LONG 0x1a0026bc LOADADDR (.data)
                0x000000001a000044        0x4 LONG 0x10000000 ADDR (.data)
                0x000000001a000048        0x4 LONG 0x38 SIZEOF (.data)
                0x000000001a00004c        0x4 LONG 0x1a0026bc LOADADDR (.data_RAM2)
                0x000000001a000050        0x4 LONG 0x10080000 ADDR (.data_RAM2)
                0x000000001a000054        0x4 LONG 0x0 SIZEOF (.data_RAM2)
                0x000000001a000058        0x4 LONG 0x1a0026bc LOADADDR (.data_RAM3)
                0x000000001a00005c        0x4 LONG 0x20000000 ADDR (.data_RAM3)
                0x000000001a000060        0x4 LONG 0x0 SIZEOF (.data_RAM3)
                0x000000001a000064        0x4 LONG 0x1a0026bc LOADADDR (.data_RAM4)
                0x000000001a000068        0x4 LONG 0x20008000 ADDR (.data_RAM4)
                0x000000001a00006c        0x4 LONG 0x0 SIZEOF (.data_RAM4)
                0x000000001a000070        0x4 LONG 0x1a0026bc LOADADDR (.data_RAM5)
                0x000000001a000074        0x4 LONG 0x2000c000 ADDR (.data_RAM5)
                0x000000001a000078        0x4 LONG 0x0 SIZEOF (.data_RAM5)
                0x000000001a00007c                __data_section_table_end = .
                0x000000001a00007c                __bss_section_table = .
                0x000000001a00007c        0x4 LONG 0x10000038 ADDR (.bss)
                0x000000001a000080        0x4 LONG 0x24 SIZEOF (.bss)
                0x000000001a000084        0x4 LONG 0x10080000 ADDR (.bss_RAM2)
                0x000000001a000088        0x4 LONG 0x0 SIZEOF (.bss_RAM2)
                0x000000001a00008c        0x4 LONG 0x20000000 ADDR (.bss_RAM3)
                0x000000001a000090        0x4 LONG 0x0 SIZEOF (.bss_RAM3)
                0x000000001a000094        0x4 LONG 0x20008000 ADDR (.bss_RAM4)
                0x000000001a000098        0x4 LONG 0x0 SIZEOF (.bss_RAM4)
                0x000000001a00009c        0x4 LONG 0x2000c000 ADDR (.bss_RAM5)
                0x000000001a0000a0        0x4 LONG 0x0 SIZEOF (.bss_RAM5)
                0x000000001a0000a4                __bss_section_table_end = .
                0x000000001a0000a4                __section_table_end = .
 *(.after_vectors*)
 .after_vectors
                0x000000001a0000a4       0xb2 build/lib/boards/edu-ciaa-nxp.a(armv7m_startup.o)
                0x000000001a0000a4                data_init
                0x000000001a0000e8                bss_init
                0x000000001a000120                NMI_Handler
                0x000000001a000126                HardFault_Handler
                0x000000001a00012c                MemManage_Handler
                0x000000001a000132                BusFault_Handler
                0x000000001a000138                UsageFault_Handler
                0x000000001a00013e                SVC_Handler
                0x000000001a000144                DebugMon_Handler
                0x000000001a00014a                PendSV_Handler
                0x000000001a000150                SysTick_Handler
 *(.text*)
 .text.Chip_GPIO_SetPinState
                0x000000001a000156       0x38 build/obj/src/digital.o
 .text.Chip_GPIO_ReadPortBit
                0x000000001a00018e       0x34 build/obj/src/digital.o
 .text.Chip_GPIO_SetPinDIROutput
                0x000000001a0001c2       0x3e build/obj/src/digital.o
 .text.Chip_GPIO_SetPinDIRInput
                0x000000001a000200       0x40 build/obj/src/digital.o
 .text.Chip_GPIO_SetPinDIR
                0x000000001a000240       0x42 build/obj/src/digital.o
 .text.Chip_GPIO_SetPinToggle
                0x000000001a000282       0x32 build/obj/src/digital.o
 .text.DigitalOutputAllocate
                0x000000001a0002b4       0x6c build/obj/src/digital.o
                0x000000001a0002b4                DigitalOutputAllocate
 .text.DigitalInputAllocate
                0x000000001a000320       0x6c build/obj/src/digital.o
                0x000000001a000320                DigitalInputAllocate
 .text.DigitalOutputCreate
                0x000000001a00038c       0x58 build/obj/src/digital.o
                0x000000001a00038c                DigitalOutputCreate
 .text.DigitalInputCreate
                0x000000001a0003e4       0x32 build/obj/src/digital.o
                0x000000001a0003e4                DigitalInputCreate
 *fill*         0x000000001a000416        0x2 ff
 .text.DigitalOutputActivate
                0x000000001a000418       0x24 build/obj/src/digital.o
                0x000000001a000418                DigitalOutputActivate
 .text.DigitalOutputDeactivate
                0x000000001a00043c       0x24 build/obj/src/digital.o
                0x000000001a00043c                DigitalOutputDeactivate
 .text.DigitalOutputToogle
                0x000000001a000460       0x24 build/obj/src/digital.o
                0x000000001a000460                DigitalOutputToogle
 .text.DigitalInputGetState
                0x000000001a000484       0x28 build/obj/src/digital.o
                0x000000001a000484                DigitalInputGetState
 .text.Chip_SCU_PinMuxSet
                0x000000001a0004ac       0x34 build/obj/src/main.o
 .text.Chip_GPIO_SetPinState
                0x000000001a0004e0       0x38 build/obj/src/main.o
 .text.Chip_GPIO_SetPinDIROutput
                0x000000001a000518       0x3e build/obj/src/main.o
 .text.Chip_GPIO_SetPinDIRInput
                0x000000001a000556       0x40 build/obj/src/main.o
 .text.Chip_GPIO_SetPinDIR
                0x000000001a000596       0x42 build/obj/src/main.o
 .text.main     0x000000001a0005d8      0x25c build/obj/src/main.o
                0x000000001a0005d8                main
 .text.initialise_monitor_handles
                0x000000001a000834        0xe build/lib/boards/edu-ciaa-nxp.a(armv7m_startup.o)
                0x000000001a000834                initialise_monitor_handles
 .text._fini    0x000000001a000842        0xe build/lib/boards/edu-ciaa-nxp.a(armv7m_startup.o)
                0x000000001a000842                _fini
 .text._init    0x000000001a000850        0xe build/lib/boards/edu-ciaa-nxp.a(armv7m_startup.o)
                0x000000001a000850                _init
 *fill*         0x000000001a00085e        0x2 ff
 .text.Reset_Handler
                0x000000001a000860       0xcc build/lib/boards/edu-ciaa-nxp.a(armv7m_startup.o)
                0x000000001a000860                Reset_Handler
 .text.SCB_GetFPUType
                0x000000001a00092c       0x2c build/lib/boards/edu-ciaa-nxp.a(sysinit.o)
 .text.SystemInit
                0x000000001a000958       0x38 build/lib/boards/edu-ciaa-nxp.a(sysinit.o)
                0x000000001a000958                SystemInit
 .text.Chip_SCU_I2C0PinConfig
                0x000000001a000990       0x20 build/lib/boards/edu-ciaa-nxp.a(board_lpcopen.o)
 .text.Chip_GPIO_SetPinState
                0x000000001a0009b0       0x38 build/lib/boards/edu-ciaa-nxp.a(board_lpcopen.o)
 .text.Chip_GPIO_SetPinDIROutput
                0x000000001a0009e8       0x3e build/lib/boards/edu-ciaa-nxp.a(board_lpcopen.o)
 .text.Chip_GPIO_SetPinDIRInput
                0x000000001a000a26       0x40 build/lib/boards/edu-ciaa-nxp.a(board_lpcopen.o)
 .text.Chip_SSP_Enable
                0x000000001a000a66       0x20 build/lib/boards/edu-ciaa-nxp.a(board_lpcopen.o)
 .text.Chip_SSP_SetFormat
                0x000000001a000a86       0x32 build/lib/boards/edu-ciaa-nxp.a(board_lpcopen.o)
 .text.Chip_SSP_Set_Mode
                0x000000001a000ab8       0x26 build/lib/boards/edu-ciaa-nxp.a(board_lpcopen.o)
 .text.Chip_UART_TXEnable
                0x000000001a000ade       0x1a build/lib/boards/edu-ciaa-nxp.a(board_lpcopen.o)
 .text.Chip_UART_ConfigData
                0x000000001a000af8       0x1c build/lib/boards/edu-ciaa-nxp.a(board_lpcopen.o)
 .text.Board_LED_Init
                0x000000001a000b14       0x54 build/lib/boards/edu-ciaa-nxp.a(board_lpcopen.o)
 .text.Board_TEC_Init
                0x000000001a000b68       0x44 build/lib/boards/edu-ciaa-nxp.a(board_lpcopen.o)
 .text.Board_GPIO_Init
                0x000000001a000bac       0x44 build/lib/boards/edu-ciaa-nxp.a(board_lpcopen.o)
 .text.Board_I2C_Init
                0x000000001a000bf0       0x24 build/lib/boards/edu-ciaa-nxp.a(board_lpcopen.o)
 .text.Board_SPI_Init
                0x000000001a000c14       0x38 build/lib/boards/edu-ciaa-nxp.a(board_lpcopen.o)
 .text.Board_ADC_Init
                0x000000001a000c4c       0x38 build/lib/boards/edu-ciaa-nxp.a(board_lpcopen.o)
 .text.Board_Debug_Init
                0x000000001a000c84       0x2c build/lib/boards/edu-ciaa-nxp.a(board_lpcopen.o)
                0x000000001a000c84                Board_Debug_Init
 .text.Board_Init
                0x000000001a000cb0       0x30 build/lib/boards/edu-ciaa-nxp.a(board_lpcopen.o)
                0x000000001a000cb0                Board_Init
 .text.Chip_SCU_PinMuxSet
                0x000000001a000ce0       0x34 build/lib/boards/edu-ciaa-nxp.a(board_sysinit.o)
 .text.Chip_SCU_SetPinMuxing
                0x000000001a000d14       0x4a build/lib/boards/edu-ciaa-nxp.a(board_sysinit.o)
 *fill*         0x000000001a000d5e        0x2 ff
 .text.Chip_CREG_SetFlashAcceleration
                0x000000001a000d60       0x54 build/lib/boards/edu-ciaa-nxp.a(board_sysinit.o)
 .text.Board_SetupMuxing
                0x000000001a000db4       0x14 build/lib/boards/edu-ciaa-nxp.a(board_sysinit.o)
                0x000000001a000db4                Board_SetupMuxing
 .text.Board_SetupClocking
                0x000000001a000dc8       0x74 build/lib/boards/edu-ciaa-nxp.a(board_sysinit.o)
                0x000000001a000dc8                Board_SetupClocking
 .text.Board_SystemInit
                0x000000001a000e3c       0x14 build/lib/boards/edu-ciaa-nxp.a(board_sysinit.o)
                0x000000001a000e3c                Board_SystemInit
 .text.Chip_Clock_DisableMainPLL
                0x000000001a000e50       0x20 build/lib/boards/edu-ciaa-nxp.a(sysinit_18xx_43xx.o)
 .text.Chip_Clock_SetupMainPLL
                0x000000001a000e70       0x48 build/lib/boards/edu-ciaa-nxp.a(sysinit_18xx_43xx.o)
 .text.Chip_Clock_MainPLLLocked
                0x000000001a000eb8       0x24 build/lib/boards/edu-ciaa-nxp.a(sysinit_18xx_43xx.o)
 .text.Chip_SetupCoreClock
                0x000000001a000edc      0x148 build/lib/boards/edu-ciaa-nxp.a(sysinit_18xx_43xx.o)
                0x000000001a000edc                Chip_SetupCoreClock
 .text.getFullConvClk
                0x000000001a001024       0x10 build/lib/boards/edu-ciaa-nxp.a(adc_18xx_43xx.o)
 .text.Chip_ADC_GetClockIndex
                0x000000001a001034       0x2c build/lib/boards/edu-ciaa-nxp.a(adc_18xx_43xx.o)
 .text.getClkDiv
                0x000000001a001060       0x66 build/lib/boards/edu-ciaa-nxp.a(adc_18xx_43xx.o)
 *fill*         0x000000001a0010c6        0x2 ff
 .text.Chip_ADC_Init
                0x000000001a0010c8       0x88 build/lib/boards/edu-ciaa-nxp.a(adc_18xx_43xx.o)
                0x000000001a0010c8                Chip_ADC_Init
 .text.Chip_ADC_SetSampleRate
                0x000000001a001150       0x64 build/lib/boards/edu-ciaa-nxp.a(adc_18xx_43xx.o)
                0x000000001a001150                Chip_ADC_SetSampleRate
 .text.Chip_ADC_SetResolution
                0x000000001a0011b4       0x2a build/lib/boards/edu-ciaa-nxp.a(adc_18xx_43xx.o)
                0x000000001a0011b4                Chip_ADC_SetResolution
 *fill*         0x000000001a0011de        0x2 ff
 .text.enableClk
                0x000000001a0011e0       0x30 build/lib/boards/edu-ciaa-nxp.a(i2c_18xx_43xx.o)
 .text.getClkRate
                0x000000001a001210       0x30 build/lib/boards/edu-ciaa-nxp.a(i2c_18xx_43xx.o)
 .text.Chip_I2C_EventHandler
                0x000000001a001240       0x4c build/lib/boards/edu-ciaa-nxp.a(i2c_18xx_43xx.o)
                0x000000001a001240                Chip_I2C_EventHandler
 .text.Chip_I2C_Init
                0x000000001a00128c       0x34 build/lib/boards/edu-ciaa-nxp.a(i2c_18xx_43xx.o)
                0x000000001a00128c                Chip_I2C_Init
 .text.Chip_I2C_SetClockRate
                0x000000001a0012c0       0x68 build/lib/boards/edu-ciaa-nxp.a(i2c_18xx_43xx.o)
                0x000000001a0012c0                Chip_I2C_SetClockRate
 .text.Chip_UART_TXDisable
                0x000000001a001328       0x1a build/lib/boards/edu-ciaa-nxp.a(uart_18xx_43xx.o)
 .text.Chip_UART_SetupFIFOS
                0x000000001a001342       0x1c build/lib/boards/edu-ciaa-nxp.a(uart_18xx_43xx.o)
 .text.Chip_UART_ConfigData
                0x000000001a00135e       0x1c build/lib/boards/edu-ciaa-nxp.a(uart_18xx_43xx.o)
 .text.Chip_UART_EnableDivisorAccess
                0x000000001a00137a       0x20 build/lib/boards/edu-ciaa-nxp.a(uart_18xx_43xx.o)
 .text.Chip_UART_DisableDivisorAccess
                0x000000001a00139a       0x20 build/lib/boards/edu-ciaa-nxp.a(uart_18xx_43xx.o)
 .text.Chip_UART_SetDivisorLatches
                0x000000001a0013ba       0x28 build/lib/boards/edu-ciaa-nxp.a(uart_18xx_43xx.o)
 *fill*         0x000000001a0013e2        0x2 ff
 .text.Chip_UART_GetIndex
                0x000000001a0013e4       0x68 build/lib/boards/edu-ciaa-nxp.a(uart_18xx_43xx.o)
 .text.Chip_UART_Init
                0x000000001a00144c       0x88 build/lib/boards/edu-ciaa-nxp.a(uart_18xx_43xx.o)
                0x000000001a00144c                Chip_UART_Init
 .text.Chip_UART_SetBaudFDR
                0x000000001a0014d4      0x16c build/lib/boards/edu-ciaa-nxp.a(uart_18xx_43xx.o)
                0x000000001a0014d4                Chip_UART_SetBaudFDR
 .text.Chip_SSP_SetFormat
                0x000000001a001640       0x32 build/lib/boards/edu-ciaa-nxp.a(ssp_18xx_43xx.o)
 .text.Chip_SSP_Set_Mode
                0x000000001a001672       0x26 build/lib/boards/edu-ciaa-nxp.a(ssp_18xx_43xx.o)
 .text.Chip_SSP_GetClockIndex
                0x000000001a001698       0x2c build/lib/boards/edu-ciaa-nxp.a(ssp_18xx_43xx.o)
 .text.Chip_SSP_GetPeriphClockIndex
                0x000000001a0016c4       0x30 build/lib/boards/edu-ciaa-nxp.a(ssp_18xx_43xx.o)
 .text.Chip_SSP_SetClockRate
                0x000000001a0016f4       0x36 build/lib/boards/edu-ciaa-nxp.a(ssp_18xx_43xx.o)
                0x000000001a0016f4                Chip_SSP_SetClockRate
 .text.Chip_SSP_SetBitRate
                0x000000001a00172a       0x74 build/lib/boards/edu-ciaa-nxp.a(ssp_18xx_43xx.o)
                0x000000001a00172a                Chip_SSP_SetBitRate
 *fill*         0x000000001a00179e        0x2 ff
 .text.Chip_SSP_Init
                0x000000001a0017a0       0x4c build/lib/boards/edu-ciaa-nxp.a(ssp_18xx_43xx.o)
                0x000000001a0017a0                Chip_SSP_Init
 .text.ABS      0x000000001a0017ec       0x22 build/lib/boards/edu-ciaa-nxp.a(clock_18xx_43xx.o)
 *fill*         0x000000001a00180e        0x2 ff
 .text.pll_calc_divs
                0x000000001a001810      0x124 build/lib/boards/edu-ciaa-nxp.a(clock_18xx_43xx.o)
 .text.pll_get_frac
                0x000000001a001934      0x180 build/lib/boards/edu-ciaa-nxp.a(clock_18xx_43xx.o)
 .text.Chip_Clock_GetDivRate
                0x000000001a001ab4       0x40 build/lib/boards/edu-ciaa-nxp.a(clock_18xx_43xx.o)
 .text.Chip_Clock_FindBaseClock
                0x000000001a001af4       0x90 build/lib/boards/edu-ciaa-nxp.a(clock_18xx_43xx.o)
 .text.Chip_Clock_EnableCrystal
                0x000000001a001b84       0x70 build/lib/boards/edu-ciaa-nxp.a(clock_18xx_43xx.o)
                0x000000001a001b84                Chip_Clock_EnableCrystal
 .text.Chip_Clock_CalcMainPLLValue
                0x000000001a001bf4       0xd8 build/lib/boards/edu-ciaa-nxp.a(clock_18xx_43xx.o)
                0x000000001a001bf4                Chip_Clock_CalcMainPLLValue
 .text.Chip_Clock_GetMainPLLHz
                0x000000001a001ccc       0xc0 build/lib/boards/edu-ciaa-nxp.a(clock_18xx_43xx.o)
                0x000000001a001ccc                Chip_Clock_GetMainPLLHz
 .text.Chip_Clock_GetDividerSource
                0x000000001a001d8c       0x40 build/lib/boards/edu-ciaa-nxp.a(clock_18xx_43xx.o)
                0x000000001a001d8c                Chip_Clock_GetDividerSource
 .text.Chip_Clock_GetDividerDivisor
                0x000000001a001dcc       0x38 build/lib/boards/edu-ciaa-nxp.a(clock_18xx_43xx.o)
                0x000000001a001dcc                Chip_Clock_GetDividerDivisor
 .text.Chip_Clock_GetClockInputHz
                0x000000001a001e04      0x140 build/lib/boards/edu-ciaa-nxp.a(clock_18xx_43xx.o)
                0x000000001a001e04                Chip_Clock_GetClockInputHz
 .text.Chip_Clock_GetBaseClocktHz
                0x000000001a001f44       0x24 build/lib/boards/edu-ciaa-nxp.a(clock_18xx_43xx.o)
                0x000000001a001f44                Chip_Clock_GetBaseClocktHz
 .text.Chip_Clock_SetBaseClock
                0x000000001a001f68       0x9c build/lib/boards/edu-ciaa-nxp.a(clock_18xx_43xx.o)
                0x000000001a001f68                Chip_Clock_SetBaseClock
 .text.Chip_Clock_GetBaseClock
                0x000000001a002004       0x4c build/lib/boards/edu-ciaa-nxp.a(clock_18xx_43xx.o)
                0x000000001a002004                Chip_Clock_GetBaseClock
 .text.Chip_Clock_EnableOpts
                0x000000001a002050       0x7c build/lib/boards/edu-ciaa-nxp.a(clock_18xx_43xx.o)
                0x000000001a002050                Chip_Clock_EnableOpts
 .text.Chip_Clock_Enable
                0x000000001a0020cc       0x60 build/lib/boards/edu-ciaa-nxp.a(clock_18xx_43xx.o)
                0x000000001a0020cc                Chip_Clock_Enable
 .text.Chip_Clock_GetRate
                0x000000001a00212c       0x88 build/lib/boards/edu-ciaa-nxp.a(clock_18xx_43xx.o)
                0x000000001a00212c                Chip_Clock_GetRate
 .text.SystemCoreClockUpdate
                0x000000001a0021b4       0x18 build/lib/boards/edu-ciaa-nxp.a(chip_18xx_43xx.o)
                0x000000001a0021b4                SystemCoreClockUpdate
 .text.Chip_GPIO_Init
                0x000000001a0021cc       0x14 build/lib/boards/edu-ciaa-nxp.a(gpio_18xx_43xx.o)
                0x000000001a0021cc                Chip_GPIO_Init
 .text          0x000000001a0021e0       0x30 /home/sebastian/CIAA/CIAA_Software_1.0-linux-x64/tools/gcc-arm-embedded/bin/../lib/gcc/arm-none-eabi/8.2.1/thumb/v7e-m+fp/softfp/libgcc.a(_aeabi_uldivmod.o)
                0x000000001a0021e0                __aeabi_uldivmod
 .text.__udivmoddi4
                0x000000001a002210      0x2d0 /home/sebastian/CIAA/CIAA_Software_1.0-linux-x64/tools/gcc-arm-embedded/bin/../lib/gcc/arm-none-eabi/8.2.1/thumb/v7e-m+fp/softfp/libgcc.a(_udivmoddi4.o)
                0x000000001a002210                __udivmoddi4
 .text          0x000000001a0024e0        0x4 /home/sebastian/CIAA/CIAA_Software_1.0-linux-x64/tools/gcc-arm-embedded/bin/../lib/gcc/arm-none-eabi/8.2.1/thumb/v7e-m+fp/softfp/libgcc.a(_dvmd_tls.o)
                0x000000001a0024e0                __aeabi_ldiv0
                0x000000001a0024e0                __aeabi_idiv0
 .text.__libc_init_array
                0x000000001a0024e4       0x48 /home/sebastian/CIAA/CIAA_Software_1.0-linux-x64/tools/gcc-arm-embedded/bin/../lib/gcc/arm-none-eabi/8.2.1/../../../../arm-none-eabi/lib/thumb/v7e-m+fp/softfp/libc_nano.a(lib_a-init.o)
                0x000000001a0024e4                __libc_init_array
 .text.memset   0x000000001a00252c       0x10 /home/sebastian/CIAA/CIAA_Software_1.0-linux-x64/tools/gcc-arm-embedded/bin/../lib/gcc/arm-none-eabi/8.2.1/../../../../arm-none-eabi/lib/thumb/v7e-m+fp/softfp/libc_nano.a(lib_a-memset.o)
                0x000000001a00252c                memset
 *(.rodata .rodata.* .constdata .constdata.*)
 .rodata.ExtRateIn
                0x000000001a00253c        0x4 build/lib/boards/edu-ciaa-nxp.a(board_lpcopen.o)
                0x000000001a00253c                ExtRateIn
 .rodata.OscRateIn
                0x000000001a002540        0x4 build/lib/boards/edu-ciaa-nxp.a(board_lpcopen.o)
                0x000000001a002540                OscRateIn
 .rodata.GpioLeds
                0x000000001a002544        0xc build/lib/boards/edu-ciaa-nxp.a(board_lpcopen.o)
 .rodata.GpioButtons
                0x000000001a002550        0x8 build/lib/boards/edu-ciaa-nxp.a(board_lpcopen.o)
 .rodata.GpioPorts
                0x000000001a002558       0x12 build/lib/boards/edu-ciaa-nxp.a(board_lpcopen.o)
 *fill*         0x000000001a00256a        0x2 ff
 .rodata.InitClkStates
                0x000000001a00256c        0x4 build/lib/boards/edu-ciaa-nxp.a(board_sysinit.o)
 .rodata.pinmuxing
                0x000000001a002570       0x74 build/lib/boards/edu-ciaa-nxp.a(board_sysinit.o)
 .rodata.InitClkStates
                0x000000001a0025e4       0x48 build/lib/boards/edu-ciaa-nxp.a(sysinit_18xx_43xx.o)
 .rodata.UART_PClock
                0x000000001a00262c        0x8 build/lib/boards/edu-ciaa-nxp.a(uart_18xx_43xx.o)
 .rodata.UART_BClock
                0x000000001a002634        0x8 build/lib/boards/edu-ciaa-nxp.a(uart_18xx_43xx.o)
 .rodata.periph_to_base
                0x000000001a00263c       0x6c build/lib/boards/edu-ciaa-nxp.a(clock_18xx_43xx.o)
 .rodata        0x000000001a0026a8        0xa build/lib/boards/edu-ciaa-nxp.a(clock_18xx_43xx.o)
                0x000000001a0026b4                . = ALIGN (0x4)
 *fill*         0x000000001a0026b2        0x2 ff

.glue_7         0x000000001a0026b4        0x0
 .glue_7        0x000000001a0026b4        0x0 linker stubs

.glue_7t        0x000000001a0026b4        0x0
 .glue_7t       0x000000001a0026b4        0x0 linker stubs

.vfp11_veneer   0x000000001a0026b4        0x0
 .vfp11_veneer  0x000000001a0026b4        0x0 linker stubs

.v4_bx          0x000000001a0026b4        0x0
 .v4_bx         0x000000001a0026b4        0x0 linker stubs

.iplt           0x000000001a0026b4        0x0
 .iplt          0x000000001a0026b4        0x0 build/obj/src/digital.o
                0x000000001a0026b4                . = ALIGN (0x4)

.preinit_array  0x000000001a0026b4        0x0
                0x000000001a0026b4                PROVIDE (__preinit_array_start = .)
 *(.preinit_array*)
                0x000000001a0026b4                PROVIDE (__preinit_array_end = .)

.init_array     0x000000001a0026b4        0x0
                0x000000001a0026b4                PROVIDE (__init_array_start = .)
 *(SORT_BY_NAME(.init_array.*))
 *(.init_array*)
                0x000000001a0026b4                PROVIDE (__init_array_end = .)
                0x000000001a0026b4                . = ALIGN (0x4)

.ARM.extab
 *(.ARM.extab* .gnu.linkonce.armextab.*)
                0x000000001a0026b4                __exidx_start = .

.ARM.exidx      0x000000001a0026b4        0x8
 *(.ARM.exidx* .gnu.linkonce.armexidx.*)
 .ARM.exidx.text.__udivmoddi4
                0x000000001a0026b4        0x8 /home/sebastian/CIAA/CIAA_Software_1.0-linux-x64/tools/gcc-arm-embedded/bin/../lib/gcc/arm-none-eabi/8.2.1/thumb/v7e-m+fp/softfp/libgcc.a(_udivmoddi4.o)
                0x000000001a0026bc                __exidx_end = .
                0x000000001a0026bc                _etext = .

.rel.dyn        0x000000001a0026bc        0x0
 .rel.iplt      0x000000001a0026bc        0x0 build/obj/src/digital.o

.data_RAM2      0x0000000010080000        0x0 load address 0x000000001a0026bc
 FILL mask 0xff
 *(.ramfunc.$RAM2)
 *(.ramfunc.$RamLoc40)
 *(.data.$RAM2*)
 *(.data.$RamLoc40*)
                0x0000000010080000                . = ALIGN (0x4)

.data_RAM3      0x0000000020000000        0x0 load address 0x000000001a0026bc
 FILL mask 0xff
 *(.ramfunc.$RAM3)
 *(.ramfunc.$RamAHB32)
 *(.data.$RAM3*)
 *(.data.$RamAHB32*)
                0x0000000020000000                . = ALIGN (0x4)

.data_RAM4      0x0000000020008000        0x0 load address 0x000000001a0026bc
 FILL mask 0xff
 *(.ramfunc.$RAM4)
 *(.ramfunc.$RamAHB16)
 *(.data.$RAM4*)
 *(.data.$RamAHB16*)
                0x0000000020008000                . = ALIGN (0x4)

.data_RAM5      0x000000002000c000        0x0 load address 0x000000001a0026bc
 FILL mask 0xff
 *(.ramfunc.$RAM5)
 *(.ramfunc.$RamAHB_ETB16)
 *(.data.$RAM5*)
 *(.data.$RamAHB_ETB16*)
                0x000000002000c000                . = ALIGN (0x4)

.uninit_RESERVED
                0x0000000010000000        0x0
 *(.bss.$RESERVED*)
                0x0000000010000000                . = ALIGN (0x4)
                0x0000000010000000                _end_uninit_RESERVED = .

.data           0x0000000010000000       0x38 load address 0x000000001a0026bc
 FILL mask 0xff
                0x0000000010000000                _data = .
 *(vtable)
 *(.ramfunc*)
 *(.data*)
 .data.i2c      0x0000000010000000       0x38 build/lib/boards/edu-ciaa-nxp.a(i2c_18xx_43xx.o)
                0x0000000010000038                . = ALIGN (0x4)
                0x0000000010000038                _edata = .

.igot.plt       0x0000000010000038        0x0 load address 0x000000001a0026f4
 .igot.plt      0x0000000010000038        0x0 build/obj/src/digital.o

.bss_RAM2       0x0000000010080000        0x0
 *(.bss.$RAM2*)
 *(.bss.$RamLoc40*)
                0x0000000010080000                . = ALIGN (0x4)

.bss_RAM3       0x0000000020000000        0x0
 *(.bss.$RAM3*)
 *(.bss.$RamAHB32*)
                0x0000000020000000                . = ALIGN (0x4)

.bss_RAM4       0x0000000020008000        0x0
 *(.bss.$RAM4*)
 *(.bss.$RamAHB16*)
                0x0000000020008000                . = ALIGN (0x4)

.bss_RAM5       0x000000002000c000        0x0
 *(.bss.$RAM5*)
 *(.bss.$RamAHB_ETB16*)
                0x000000002000c000                . = ALIGN (0x4)

.bss            0x0000000010000038       0x24
                0x0000000010000038                _bss = .
 *(.bss*)
 .bss.instance  0x0000000010000038        0xc build/obj/src/digital.o
 .bss.instanceinput
                0x0000000010000044        0xc build/obj/src/digital.o
 .bss.audio_usb_pll_freq
                0x0000000010000050        0x8 build/lib/boards/edu-ciaa-nxp.a(clock_18xx_43xx.o)
 *(COMMON)
 COMMON         0x0000000010000058        0x4 build/lib/boards/edu-ciaa-nxp.a(chip_18xx_43xx.o)
                0x0000000010000058                SystemCoreClock
                0x000000001000005c                . = ALIGN (0x4)
                0x000000001000005c                _ebss = .
                [!provide]                        PROVIDE (end = .)

.noinit_RAM2    0x0000000010080000        0x0
 *(.noinit.$RAM2*)
 *(.noinit.$RamLoc40*)
                0x0000000010080000                . = ALIGN (0x4)

.noinit_RAM3    0x0000000020000000        0x0
 *(.noinit.$RAM3*)
 *(.noinit.$RamAHB32*)
                0x0000000020000000                . = ALIGN (0x4)

.noinit_RAM4    0x0000000020008000        0x0
 *(.noinit.$RAM4*)
 *(.noinit.$RamAHB16*)
                0x0000000020008000                . = ALIGN (0x4)

.noinit_RAM5    0x000000002000c000        0x0
 *(.noinit.$RAM5*)
 *(.noinit.$RamAHB_ETB16*)
                0x000000002000c000                . = ALIGN (0x4)

.noinit         0x000000001000005c        0x0
                0x000000001000005c                _noinit = .
 *(.noinit*)
                0x000000001000005c                . = ALIGN (0x4)
                0x000000001000005c                _end_noinit = .
                [!provide]                        PROVIDE (_pvHeapStart = .)
                0x0000000010008000                PROVIDE (_vStackTop = (__top_RamLoc32 - 0x0))
                0xffffffff53ff71be                PROVIDE (__valid_user_code_checksum = (0x0 - ((((((_vStackTop + (Reset_Handler + 0x1)) + (NMI_Handler + 0x1)) + (HardFault_Handler + 0x1)) + (DEFINED (MemManage_Handler)?MemManage_Handler:0x0 + 0x1)) + (DEFINED (BusFault_Handler)?BusFault_Handler:0x0 + 0x1)) + (DEFINED (UsageFault_Handler)?UsageFault_Handler:0x0 + 0x1))))
OUTPUT(build/bin/eititp3.elf elf32-littlearm)

.debug_info     0x0000000000000000     0xb904
 .debug_info    0x0000000000000000      0xadf build/obj/src/digital.o
 .debug_info    0x0000000000000adf      0x609 build/obj/src/main.o
 .debug_info    0x00000000000010e8      0x2c1 build/lib/boards/edu-ciaa-nxp.a(armv7m_startup.o)
 .debug_info    0x00000000000013a9      0xc2a build/lib/boards/edu-ciaa-nxp.a(sysinit.o)
 .debug_info    0x0000000000001fd3     0x1d8e build/lib/boards/edu-ciaa-nxp.a(board_lpcopen.o)
 .debug_info    0x0000000000003d61     0x14bc build/lib/boards/edu-ciaa-nxp.a(board_sysinit.o)
 .debug_info    0x000000000000521d      0x974 build/lib/boards/edu-ciaa-nxp.a(sysinit_18xx_43xx.o)
 .debug_info    0x0000000000005b91      0xa14 build/lib/boards/edu-ciaa-nxp.a(adc_18xx_43xx.o)
 .debug_info    0x00000000000065a5     0x1147 build/lib/boards/edu-ciaa-nxp.a(i2c_18xx_43xx.o)
 .debug_info    0x00000000000076ec     0x11ba build/lib/boards/edu-ciaa-nxp.a(uart_18xx_43xx.o)
 .debug_info    0x00000000000088a6      0xcd0 build/lib/boards/edu-ciaa-nxp.a(ssp_18xx_43xx.o)
 .debug_info    0x0000000000009576     0x16ae build/lib/boards/edu-ciaa-nxp.a(clock_18xx_43xx.o)
 .debug_info    0x000000000000ac24      0xaac build/lib/boards/edu-ciaa-nxp.a(chip_18xx_43xx.o)
 .debug_info    0x000000000000b6d0      0x234 build/lib/boards/edu-ciaa-nxp.a(gpio_18xx_43xx.o)

.debug_abbrev   0x0000000000000000     0x2011
 .debug_abbrev  0x0000000000000000      0x261 build/obj/src/digital.o
 .debug_abbrev  0x0000000000000261      0x18d build/obj/src/main.o
 .debug_abbrev  0x00000000000003ee       0xfd build/lib/boards/edu-ciaa-nxp.a(armv7m_startup.o)
 .debug_abbrev  0x00000000000004eb      0x217 build/lib/boards/edu-ciaa-nxp.a(sysinit.o)
 .debug_abbrev  0x0000000000000702      0x46a build/lib/boards/edu-ciaa-nxp.a(board_lpcopen.o)
 .debug_abbrev  0x0000000000000b6c      0x2d7 build/lib/boards/edu-ciaa-nxp.a(board_sysinit.o)
 .debug_abbrev  0x0000000000000e43      0x1bc build/lib/boards/edu-ciaa-nxp.a(sysinit_18xx_43xx.o)
 .debug_abbrev  0x0000000000000fff      0x1f8 build/lib/boards/edu-ciaa-nxp.a(adc_18xx_43xx.o)
 .debug_abbrev  0x00000000000011f7      0x2be build/lib/boards/edu-ciaa-nxp.a(i2c_18xx_43xx.o)
 .debug_abbrev  0x00000000000014b5      0x32b build/lib/boards/edu-ciaa-nxp.a(uart_18xx_43xx.o)
 .debug_abbrev  0x00000000000017e0      0x288 build/lib/boards/edu-ciaa-nxp.a(ssp_18xx_43xx.o)
 .debug_abbrev  0x0000000000001a68      0x30f build/lib/boards/edu-ciaa-nxp.a(clock_18xx_43xx.o)
 .debug_abbrev  0x0000000000001d77      0x186 build/lib/boards/edu-ciaa-nxp.a(chip_18xx_43xx.o)
 .debug_abbrev  0x0000000000001efd      0x114 build/lib/boards/edu-ciaa-nxp.a(gpio_18xx_43xx.o)

.debug_aranges  0x0000000000000000      0x8a0
 .debug_aranges
                0x0000000000000000       0x88 build/obj/src/digital.o
 .debug_aranges
                0x0000000000000088       0x48 build/obj/src/main.o
 .debug_aranges
                0x00000000000000d0       0x90 build/lib/boards/edu-ciaa-nxp.a(armv7m_startup.o)
 .debug_aranges
                0x0000000000000160       0x28 build/lib/boards/edu-ciaa-nxp.a(sysinit.o)
 .debug_aranges
                0x0000000000000188      0x130 build/lib/boards/edu-ciaa-nxp.a(board_lpcopen.o)
 .debug_aranges
                0x00000000000002b8       0x48 build/lib/boards/edu-ciaa-nxp.a(board_sysinit.o)
 .debug_aranges
                0x0000000000000300       0x50 build/lib/boards/edu-ciaa-nxp.a(sysinit_18xx_43xx.o)
 .debug_aranges
                0x0000000000000350       0x98 build/lib/boards/edu-ciaa-nxp.a(adc_18xx_43xx.o)
 .debug_aranges
                0x00000000000003e8      0x118 build/lib/boards/edu-ciaa-nxp.a(i2c_18xx_43xx.o)
 .debug_aranges
                0x0000000000000500      0x118 build/lib/boards/edu-ciaa-nxp.a(uart_18xx_43xx.o)
 .debug_aranges
                0x0000000000000618       0xe8 build/lib/boards/edu-ciaa-nxp.a(ssp_18xx_43xx.o)
 .debug_aranges
                0x0000000000000700      0x138 build/lib/boards/edu-ciaa-nxp.a(clock_18xx_43xx.o)
 .debug_aranges
                0x0000000000000838       0x40 build/lib/boards/edu-ciaa-nxp.a(chip_18xx_43xx.o)
 .debug_aranges
                0x0000000000000878       0x28 build/lib/boards/edu-ciaa-nxp.a(gpio_18xx_43xx.o)

.debug_ranges   0x0000000000000000      0x7f0
 .debug_ranges  0x0000000000000000       0x78 build/obj/src/digital.o
 .debug_ranges  0x0000000000000078       0x38 build/obj/src/main.o
 .debug_ranges  0x00000000000000b0       0x80 build/lib/boards/edu-ciaa-nxp.a(armv7m_startup.o)
 .debug_ranges  0x0000000000000130       0x18 build/lib/boards/edu-ciaa-nxp.a(sysinit.o)
 .debug_ranges  0x0000000000000148      0x120 build/lib/boards/edu-ciaa-nxp.a(board_lpcopen.o)
 .debug_ranges  0x0000000000000268       0x38 build/lib/boards/edu-ciaa-nxp.a(board_sysinit.o)
 .debug_ranges  0x00000000000002a0       0x40 build/lib/boards/edu-ciaa-nxp.a(sysinit_18xx_43xx.o)
 .debug_ranges  0x00000000000002e0       0x88 build/lib/boards/edu-ciaa-nxp.a(adc_18xx_43xx.o)
 .debug_ranges  0x0000000000000368      0x108 build/lib/boards/edu-ciaa-nxp.a(i2c_18xx_43xx.o)
 .debug_ranges  0x0000000000000470      0x120 build/lib/boards/edu-ciaa-nxp.a(uart_18xx_43xx.o)
 .debug_ranges  0x0000000000000590       0xd8 build/lib/boards/edu-ciaa-nxp.a(ssp_18xx_43xx.o)
 .debug_ranges  0x0000000000000668      0x140 build/lib/boards/edu-ciaa-nxp.a(clock_18xx_43xx.o)
 .debug_ranges  0x00000000000007a8       0x30 build/lib/boards/edu-ciaa-nxp.a(chip_18xx_43xx.o)
 .debug_ranges  0x00000000000007d8       0x18 build/lib/boards/edu-ciaa-nxp.a(gpio_18xx_43xx.o)

.debug_macro    0x0000000000000000     0x85b9
 .debug_macro   0x0000000000000000      0x325 build/obj/src/digital.o
 .debug_macro   0x0000000000000325      0xaba build/obj/src/digital.o
 .debug_macro   0x0000000000000ddf       0x22 build/obj/src/digital.o
 .debug_macro   0x0000000000000e01       0x8e build/obj/src/digital.o
 .debug_macro   0x0000000000000e8f       0x51 build/obj/src/digital.o
 .debug_macro   0x0000000000000ee0       0xef build/obj/src/digital.o
 .debug_macro   0x0000000000000fcf       0x6a build/obj/src/digital.o
 .debug_macro   0x0000000000001039      0x1df build/obj/src/digital.o
 .debug_macro   0x0000000000001218       0x22 build/obj/src/digital.o
 .debug_macro   0x000000000000123a       0x10 build/obj/src/digital.o
 .debug_macro   0x000000000000124a       0x79 build/obj/src/digital.o
 .debug_macro   0x00000000000012c3       0x22 build/obj/src/digital.o
 .debug_macro   0x00000000000012e5       0x1c build/obj/src/digital.o
 .debug_macro   0x0000000000001301       0x22 build/obj/src/digital.o
 .debug_macro   0x0000000000001323       0xdf build/obj/src/digital.o
 .debug_macro   0x0000000000001402     0x102d build/obj/src/digital.o
 .debug_macro   0x000000000000242f      0x11f build/obj/src/digital.o
 .debug_macro   0x000000000000254e      0x2c3 build/obj/src/digital.o
 .debug_macro   0x0000000000002811      0x112 build/obj/src/digital.o
 .debug_macro   0x0000000000002923       0x11 build/obj/src/digital.o
 .debug_macro   0x0000000000002934       0x2a build/obj/src/digital.o
 .debug_macro   0x000000000000295e       0x16 build/obj/src/digital.o
 .debug_macro   0x0000000000002974      0x2e6 build/obj/src/digital.o
 .debug_macro   0x0000000000002c5a       0x82 build/obj/src/digital.o
 .debug_macro   0x0000000000002cdc      0x13d build/obj/src/digital.o
 .debug_macro   0x0000000000002e19      0x198 build/obj/src/digital.o
 .debug_macro   0x0000000000002fb1       0x34 build/obj/src/digital.o
 .debug_macro   0x0000000000002fe5       0x58 build/obj/src/digital.o
 .debug_macro   0x000000000000303d      0x236 build/obj/src/digital.o
 .debug_macro   0x0000000000003273      0x572 build/obj/src/digital.o
 .debug_macro   0x00000000000037e5       0x16 build/obj/src/digital.o
 .debug_macro   0x00000000000037fb      0x18a build/obj/src/digital.o
 .debug_macro   0x0000000000003985       0x88 build/obj/src/digital.o
 .debug_macro   0x0000000000003a0d      0x1b9 build/obj/src/digital.o
 .debug_macro   0x0000000000003bc6      0x1da build/obj/src/digital.o
 .debug_macro   0x0000000000003da0       0x40 build/obj/src/digital.o
 .debug_macro   0x0000000000003de0       0x1c build/obj/src/digital.o
 .debug_macro   0x0000000000003dfc       0x2e build/obj/src/digital.o
 .debug_macro   0x0000000000003e2a       0x2e build/obj/src/digital.o
 .debug_macro   0x0000000000003e58       0x22 build/obj/src/digital.o
 .debug_macro   0x0000000000003e7a      0x201 build/obj/src/digital.o
 .debug_macro   0x000000000000407b       0xe0 build/obj/src/digital.o
 .debug_macro   0x000000000000415b      0x34c build/obj/src/digital.o
 .debug_macro   0x00000000000044a7       0xdc build/obj/src/digital.o
 .debug_macro   0x0000000000004583       0xc4 build/obj/src/digital.o
 .debug_macro   0x0000000000004647       0x8f build/obj/src/digital.o
 .debug_macro   0x00000000000046d6       0x94 build/obj/src/digital.o
 .debug_macro   0x000000000000476a       0xb8 build/obj/src/digital.o
 .debug_macro   0x0000000000004822       0x4c build/obj/src/digital.o
 .debug_macro   0x000000000000486e       0x16 build/obj/src/digital.o
 .debug_macro   0x0000000000004884      0x328 build/obj/src/digital.o
 .debug_macro   0x0000000000004bac       0x3a build/obj/src/digital.o
 .debug_macro   0x0000000000004be6       0xd0 build/obj/src/digital.o
 .debug_macro   0x0000000000004cb6       0x18 build/obj/src/digital.o
 .debug_macro   0x0000000000004cce       0x22 build/obj/src/digital.o
 .debug_macro   0x0000000000004cf0       0x40 build/obj/src/digital.o
 .debug_macro   0x0000000000004d30      0x44b build/obj/src/main.o
 .debug_macro   0x000000000000517b       0x73 build/obj/src/main.o
 .debug_macro   0x00000000000051ee       0x1d build/lib/boards/edu-ciaa-nxp.a(armv7m_startup.o)
 .debug_macro   0x000000000000520b      0x492 build/lib/boards/edu-ciaa-nxp.a(sysinit.o)
 .debug_macro   0x000000000000569d       0x64 build/lib/boards/edu-ciaa-nxp.a(sysinit.o)
 .debug_macro   0x0000000000005701       0x18 build/lib/boards/edu-ciaa-nxp.a(sysinit.o)
 .debug_macro   0x0000000000005719       0x35 build/lib/boards/edu-ciaa-nxp.a(sysinit.o)
 .debug_macro   0x000000000000574e       0x34 build/lib/boards/edu-ciaa-nxp.a(sysinit.o)
 .debug_macro   0x0000000000005782       0x16 build/lib/boards/edu-ciaa-nxp.a(sysinit.o)
 .debug_macro   0x0000000000005798       0x97 build/lib/boards/edu-ciaa-nxp.a(sysinit.o)
 .debug_macro   0x000000000000582f      0x333 build/lib/boards/edu-ciaa-nxp.a(sysinit.o)
 .debug_macro   0x0000000000005b62       0xfd build/lib/boards/edu-ciaa-nxp.a(sysinit.o)
 .debug_macro   0x0000000000005c5f       0x10 build/lib/boards/edu-ciaa-nxp.a(sysinit.o)
 .debug_macro   0x0000000000005c6f       0x58 build/lib/boards/edu-ciaa-nxp.a(sysinit.o)
 .debug_macro   0x0000000000005cc7       0x1f build/lib/boards/edu-ciaa-nxp.a(sysinit.o)
 .debug_macro   0x0000000000005ce6       0x43 build/lib/boards/edu-ciaa-nxp.a(sysinit.o)
 .debug_macro   0x0000000000005d29       0x20 build/lib/boards/edu-ciaa-nxp.a(sysinit.o)
 .debug_macro   0x0000000000005d49      0x18e build/lib/boards/edu-ciaa-nxp.a(sysinit.o)
 .debug_macro   0x0000000000005ed7       0x10 build/lib/boards/edu-ciaa-nxp.a(sysinit.o)
 .debug_macro   0x0000000000005ee7       0x1c build/lib/boards/edu-ciaa-nxp.a(sysinit.o)
 .debug_macro   0x0000000000005f03       0x52 build/lib/boards/edu-ciaa-nxp.a(sysinit.o)
 .debug_macro   0x0000000000005f55       0x40 build/lib/boards/edu-ciaa-nxp.a(sysinit.o)
 .debug_macro   0x0000000000005f95       0x10 build/lib/boards/edu-ciaa-nxp.a(sysinit.o)
 .debug_macro   0x0000000000005fa5       0x40 build/lib/boards/edu-ciaa-nxp.a(sysinit.o)
 .debug_macro   0x0000000000005fe5       0xd7 build/lib/boards/edu-ciaa-nxp.a(sysinit.o)
 .debug_macro   0x00000000000060bc       0x1c build/lib/boards/edu-ciaa-nxp.a(sysinit.o)
 .debug_macro   0x00000000000060d8       0x3d build/lib/boards/edu-ciaa-nxp.a(sysinit.o)
 .debug_macro   0x0000000000006115       0x16 build/lib/boards/edu-ciaa-nxp.a(sysinit.o)
 .debug_macro   0x000000000000612b      0x16f build/lib/boards/edu-ciaa-nxp.a(sysinit.o)
 .debug_macro   0x000000000000629a       0x20 build/lib/boards/edu-ciaa-nxp.a(sysinit.o)
 .debug_macro   0x00000000000062ba      0x109 build/lib/boards/edu-ciaa-nxp.a(sysinit.o)
 .debug_macro   0x00000000000063c3      0x4a4 build/lib/boards/edu-ciaa-nxp.a(board_lpcopen.o)
 .debug_macro   0x0000000000006867      0x492 build/lib/boards/edu-ciaa-nxp.a(board_sysinit.o)
 .debug_macro   0x0000000000006cf9      0x315 build/lib/boards/edu-ciaa-nxp.a(sysinit_18xx_43xx.o)
 .debug_macro   0x000000000000700e      0x315 build/lib/boards/edu-ciaa-nxp.a(adc_18xx_43xx.o)
 .debug_macro   0x0000000000007323      0x327 build/lib/boards/edu-ciaa-nxp.a(i2c_18xx_43xx.o)
 .debug_macro   0x000000000000764a      0x315 build/lib/boards/edu-ciaa-nxp.a(uart_18xx_43xx.o)
 .debug_macro   0x000000000000795f      0x315 build/lib/boards/edu-ciaa-nxp.a(ssp_18xx_43xx.o)
 .debug_macro   0x0000000000007c74      0x31b build/lib/boards/edu-ciaa-nxp.a(clock_18xx_43xx.o)
 .debug_macro   0x0000000000007f8f      0x315 build/lib/boards/edu-ciaa-nxp.a(chip_18xx_43xx.o)
 .debug_macro   0x00000000000082a4      0x315 build/lib/boards/edu-ciaa-nxp.a(gpio_18xx_43xx.o)

.debug_line     0x0000000000000000     0x9711
 .debug_line    0x0000000000000000      0x9b7 build/obj/src/digital.o
 .debug_line    0x00000000000009b7      0x930 build/obj/src/main.o
 .debug_line    0x00000000000012e7      0x20c build/lib/boards/edu-ciaa-nxp.a(armv7m_startup.o)
 .debug_line    0x00000000000014f3      0x9bf build/lib/boards/edu-ciaa-nxp.a(sysinit.o)
 .debug_line    0x0000000000001eb2      0xe14 build/lib/boards/edu-ciaa-nxp.a(board_lpcopen.o)
 .debug_line    0x0000000000002cc6      0xa87 build/lib/boards/edu-ciaa-nxp.a(board_sysinit.o)
 .debug_line    0x000000000000374d      0x95d build/lib/boards/edu-ciaa-nxp.a(sysinit_18xx_43xx.o)
 .debug_line    0x00000000000040aa      0xa52 build/lib/boards/edu-ciaa-nxp.a(adc_18xx_43xx.o)
 .debug_line    0x0000000000004afc      0xe85 build/lib/boards/edu-ciaa-nxp.a(i2c_18xx_43xx.o)
 .debug_line    0x0000000000005981      0xd75 build/lib/boards/edu-ciaa-nxp.a(uart_18xx_43xx.o)
 .debug_line    0x00000000000066f6      0xe55 build/lib/boards/edu-ciaa-nxp.a(ssp_18xx_43xx.o)
 .debug_line    0x000000000000754b     0x1172 build/lib/boards/edu-ciaa-nxp.a(clock_18xx_43xx.o)
 .debug_line    0x00000000000086bd      0x875 build/lib/boards/edu-ciaa-nxp.a(chip_18xx_43xx.o)
 .debug_line    0x0000000000008f32      0x7df build/lib/boards/edu-ciaa-nxp.a(gpio_18xx_43xx.o)

.debug_str      0x0000000000000000    0x1e331
 .debug_str     0x0000000000000000    0x17349 build/obj/src/digital.o
                                      0x1753a (size before relaxing)
 .debug_str     0x0000000000017349      0x436 build/obj/src/main.o
                                      0x16dec (size before relaxing)
 .debug_str     0x000000000001777f      0x246 build/lib/boards/edu-ciaa-nxp.a(armv7m_startup.o)
                                       0x3028 (size before relaxing)
 .debug_str     0x00000000000179c5     0x45f4 build/lib/boards/edu-ciaa-nxp.a(sysinit.o)
                                      0x1afac (size before relaxing)
 .debug_str     0x000000000001bfb9      0x819 build/lib/boards/edu-ciaa-nxp.a(board_lpcopen.o)
                                      0x1c234 (size before relaxing)
 .debug_str     0x000000000001c7d2      0x31b build/lib/boards/edu-ciaa-nxp.a(board_sysinit.o)
                                      0x1bcaf (size before relaxing)
 .debug_str     0x000000000001caed      0x1d4 build/lib/boards/edu-ciaa-nxp.a(sysinit_18xx_43xx.o)
                                      0x17618 (size before relaxing)
 .debug_str     0x000000000001ccc1      0x24e build/lib/boards/edu-ciaa-nxp.a(adc_18xx_43xx.o)
                                      0x17173 (size before relaxing)
 .debug_str     0x000000000001cf0f      0x5e4 build/lib/boards/edu-ciaa-nxp.a(i2c_18xx_43xx.o)
                                      0x1790e (size before relaxing)
 .debug_str     0x000000000001d4f3      0x371 build/lib/boards/edu-ciaa-nxp.a(uart_18xx_43xx.o)
                                      0x1778e (size before relaxing)
 .debug_str     0x000000000001d864      0x436 build/lib/boards/edu-ciaa-nxp.a(ssp_18xx_43xx.o)
                                      0x1736d (size before relaxing)
 .debug_str     0x000000000001dc9a      0x562 build/lib/boards/edu-ciaa-nxp.a(clock_18xx_43xx.o)
                                      0x17bbf (size before relaxing)
 .debug_str     0x000000000001e1fc       0xb8 build/lib/boards/edu-ciaa-nxp.a(chip_18xx_43xx.o)
                                      0x17636 (size before relaxing)
 .debug_str     0x000000000001e2b4       0x7d build/lib/boards/edu-ciaa-nxp.a(gpio_18xx_43xx.o)
                                      0x16966 (size before relaxing)

.comment        0x0000000000000000       0x68
 .comment       0x0000000000000000       0x68 build/obj/src/digital.o
                                         0x69 (size before relaxing)
 .comment       0x0000000000000068       0x69 build/obj/src/main.o
 .comment       0x0000000000000068       0x69 build/lib/boards/edu-ciaa-nxp.a(armv7m_startup.o)
 .comment       0x0000000000000068       0x69 build/lib/boards/edu-ciaa-nxp.a(sysinit.o)
 .comment       0x0000000000000068       0x69 build/lib/boards/edu-ciaa-nxp.a(board_lpcopen.o)
 .comment       0x0000000000000068       0x69 build/lib/boards/edu-ciaa-nxp.a(board_sysinit.o)
 .comment       0x0000000000000068       0x69 build/lib/boards/edu-ciaa-nxp.a(sysinit_18xx_43xx.o)
 .comment       0x0000000000000068       0x69 build/lib/boards/edu-ciaa-nxp.a(adc_18xx_43xx.o)
 .comment       0x0000000000000068       0x69 build/lib/boards/edu-ciaa-nxp.a(i2c_18xx_43xx.o)
 .comment       0x0000000000000068       0x69 build/lib/boards/edu-ciaa-nxp.a(uart_18xx_43xx.o)
 .comment       0x0000000000000068       0x69 build/lib/boards/edu-ciaa-nxp.a(ssp_18xx_43xx.o)
 .comment       0x0000000000000068       0x69 build/lib/boards/edu-ciaa-nxp.a(clock_18xx_43xx.o)
 .comment       0x0000000000000068       0x69 build/lib/boards/edu-ciaa-nxp.a(chip_18xx_43xx.o)
 .comment       0x0000000000000068       0x69 build/lib/boards/edu-ciaa-nxp.a(gpio_18xx_43xx.o)

.ARM.attributes
                0x0000000000000000       0x32
 .ARM.attributes
                0x0000000000000000       0x32 build/obj/src/digital.o
 .ARM.attributes
                0x0000000000000032       0x32 build/obj/src/main.o
 .ARM.attributes
                0x0000000000000064       0x32 build/lib/boards/edu-ciaa-nxp.a(armv7m_startup.o)
 .ARM.attributes
                0x0000000000000096       0x32 build/lib/boards/edu-ciaa-nxp.a(sysinit.o)
 .ARM.attributes
                0x00000000000000c8       0x32 build/lib/boards/edu-ciaa-nxp.a(board_lpcopen.o)
 .ARM.attributes
                0x00000000000000fa       0x32 build/lib/boards/edu-ciaa-nxp.a(board_sysinit.o)
 .ARM.attributes
                0x000000000000012c       0x32 build/lib/boards/edu-ciaa-nxp.a(sysinit_18xx_43xx.o)
 .ARM.attributes
                0x000000000000015e       0x32 build/lib/boards/edu-ciaa-nxp.a(adc_18xx_43xx.o)
 .ARM.attributes
                0x0000000000000190       0x32 build/lib/boards/edu-ciaa-nxp.a(i2c_18xx_43xx.o)
 .ARM.attributes
                0x00000000000001c2       0x32 build/lib/boards/edu-ciaa-nxp.a(uart_18xx_43xx.o)
 .ARM.attributes
                0x00000000000001f4       0x32 build/lib/boards/edu-ciaa-nxp.a(ssp_18xx_43xx.o)
 .ARM.attributes
                0x0000000000000226       0x32 build/lib/boards/edu-ciaa-nxp.a(clock_18xx_43xx.o)
 .ARM.attributes
                0x0000000000000258       0x32 build/lib/boards/edu-ciaa-nxp.a(chip_18xx_43xx.o)
 .ARM.attributes
                0x000000000000028a       0x32 build/lib/boards/edu-ciaa-nxp.a(gpio_18xx_43xx.o)
 .ARM.attributes
                0x00000000000002bc       0x1e /home/sebastian/CIAA/CIAA_Software_1.0-linux-x64/tools/gcc-arm-embedded/bin/../lib/gcc/arm-none-eabi/8.2.1/thumb/v7e-m+fp/softfp/libgcc.a(_aeabi_uldivmod.o)
 .ARM.attributes
                0x00000000000002da       0x32 /home/sebastian/CIAA/CIAA_Software_1.0-linux-x64/tools/gcc-arm-embedded/bin/../lib/gcc/arm-none-eabi/8.2.1/thumb/v7e-m+fp/softfp/libgcc.a(_udivmoddi4.o)
 .ARM.attributes
                0x000000000000030c       0x1e /home/sebastian/CIAA/CIAA_Software_1.0-linux-x64/tools/gcc-arm-embedded/bin/../lib/gcc/arm-none-eabi/8.2.1/thumb/v7e-m+fp/softfp/libgcc.a(_dvmd_tls.o)
 .ARM.attributes
                0x000000000000032a       0x32 /home/sebastian/CIAA/CIAA_Software_1.0-linux-x64/tools/gcc-arm-embedded/bin/../lib/gcc/arm-none-eabi/8.2.1/../../../../arm-none-eabi/lib/thumb/v7e-m+fp/softfp/libc_nano.a(lib_a-init.o)
 .ARM.attributes
                0x000000000000035c       0x32 /home/sebastian/CIAA/CIAA_Software_1.0-linux-x64/tools/gcc-arm-embedded/bin/../lib/gcc/arm-none-eabi/8.2.1/../../../../arm-none-eabi/lib/thumb/v7e-m+fp/softfp/libc_nano.a(lib_a-memset.o)

.debug_frame    0x0000000000000000     0x22f4
 .debug_frame   0x0000000000000000      0x224 build/obj/src/digital.o
 .debug_frame   0x0000000000000224       0xf4 build/obj/src/main.o
 .debug_frame   0x0000000000000318      0x1b8 build/lib/boards/edu-ciaa-nxp.a(armv7m_startup.o)
 .debug_frame   0x00000000000004d0       0x54 build/lib/boards/edu-ciaa-nxp.a(sysinit.o)
 .debug_frame   0x0000000000000524      0x4f4 build/lib/boards/edu-ciaa-nxp.a(board_lpcopen.o)
 .debug_frame   0x0000000000000a18       0xe0 build/lib/boards/edu-ciaa-nxp.a(board_sysinit.o)
 .debug_frame   0x0000000000000af8       0xf4 build/lib/boards/edu-ciaa-nxp.a(sysinit_18xx_43xx.o)
 .debug_frame   0x0000000000000bec      0x264 build/lib/boards/edu-ciaa-nxp.a(adc_18xx_43xx.o)
 .debug_frame   0x0000000000000e50      0x4c8 build/lib/boards/edu-ciaa-nxp.a(i2c_18xx_43xx.o)
 .debug_frame   0x0000000000001318      0x4e0 build/lib/boards/edu-ciaa-nxp.a(uart_18xx_43xx.o)
 .debug_frame   0x00000000000017f8      0x3e8 build/lib/boards/edu-ciaa-nxp.a(ssp_18xx_43xx.o)
 .debug_frame   0x0000000000001be0      0x568 build/lib/boards/edu-ciaa-nxp.a(clock_18xx_43xx.o)
 .debug_frame   0x0000000000002148       0xa0 build/lib/boards/edu-ciaa-nxp.a(chip_18xx_43xx.o)
 .debug_frame   0x00000000000021e8       0x60 build/lib/boards/edu-ciaa-nxp.a(gpio_18xx_43xx.o)
 .debug_frame   0x0000000000002248       0x2c /home/sebastian/CIAA/CIAA_Software_1.0-linux-x64/tools/gcc-arm-embedded/bin/../lib/gcc/arm-none-eabi/8.2.1/thumb/v7e-m+fp/softfp/libgcc.a(_aeabi_uldivmod.o)
 .debug_frame   0x0000000000002274       0x34 /home/sebastian/CIAA/CIAA_Software_1.0-linux-x64/tools/gcc-arm-embedded/bin/../lib/gcc/arm-none-eabi/8.2.1/thumb/v7e-m+fp/softfp/libgcc.a(_udivmoddi4.o)
 .debug_frame   0x00000000000022a8       0x2c /home/sebastian/CIAA/CIAA_Software_1.0-linux-x64/tools/gcc-arm-embedded/bin/../lib/gcc/arm-none-eabi/8.2.1/../../../../arm-none-eabi/lib/thumb/v7e-m+fp/softfp/libc_nano.a(lib_a-init.o)
 .debug_frame   0x00000000000022d4       0x20 /home/sebastian/CIAA/CIAA_Software_1.0-linux-x64/tools/gcc-arm-embedded/bin/../lib/gcc/arm-none-eabi/8.2.1/../../../../arm-none-eabi/lib/thumb/v7e-m+fp/softfp/libc_nano.a(lib_a-memset.o)

Cross Reference Table

Symbol                                            File
Board_ADC_ReadBegin                               build/lib/boards/edu-ciaa-nxp.a(board_lpcopen.o)
Board_ADC_ReadEnd                                 build/lib/boards/edu-ciaa-nxp.a(board_lpcopen.o)
Board_ADC_ReadWait                                build/lib/boards/edu-ciaa-nxp.a(board_lpcopen.o)
Board_Debug_Init                                  build/lib/boards/edu-ciaa-nxp.a(board_lpcopen.o)
Board_Init                                        build/lib/boards/edu-ciaa-nxp.a(board_lpcopen.o)
                                                  build/lib/boards/edu-ciaa-nxp.a(sysinit.o)
Board_LED_Set                                     build/lib/boards/edu-ciaa-nxp.a(board_lpcopen.o)
Board_LED_Test                                    build/lib/boards/edu-ciaa-nxp.a(board_lpcopen.o)
Board_LED_Toggle                                  build/lib/boards/edu-ciaa-nxp.a(board_lpcopen.o)
Board_SetupClocking                               build/lib/boards/edu-ciaa-nxp.a(board_sysinit.o)
Board_SetupMuxing                                 build/lib/boards/edu-ciaa-nxp.a(board_sysinit.o)
Board_SystemInit                                  build/lib/boards/edu-ciaa-nxp.a(board_sysinit.o)
                                                  build/lib/boards/edu-ciaa-nxp.a(sysinit.o)
Board_TEC_GetStatus                               build/lib/boards/edu-ciaa-nxp.a(board_lpcopen.o)
Board_UARTGetChar                                 build/lib/boards/edu-ciaa-nxp.a(board_lpcopen.o)
Board_UARTPutChar                                 build/lib/boards/edu-ciaa-nxp.a(board_lpcopen.o)
Board_UARTPutSTR                                  build/lib/boards/edu-ciaa-nxp.a(board_lpcopen.o)
BusFault_Handler                                  build/lib/boards/edu-ciaa-nxp.a(armv7m_startup.o)
Chip_ADC_DeInit                                   build/lib/boards/edu-ciaa-nxp.a(adc_18xx_43xx.o)
Chip_ADC_EnableChannel                            build/lib/boards/edu-ciaa-nxp.a(adc_18xx_43xx.o)
                                                  build/lib/boards/edu-ciaa-nxp.a(board_lpcopen.o)
Chip_ADC_Init                                     build/lib/boards/edu-ciaa-nxp.a(adc_18xx_43xx.o)
                                                  build/lib/boards/edu-ciaa-nxp.a(board_lpcopen.o)
Chip_ADC_Int_SetChannelCmd                        build/lib/boards/edu-ciaa-nxp.a(adc_18xx_43xx.o)
Chip_ADC_ReadByte                                 build/lib/boards/edu-ciaa-nxp.a(adc_18xx_43xx.o)
Chip_ADC_ReadStatus                               build/lib/boards/edu-ciaa-nxp.a(adc_18xx_43xx.o)
                                                  build/lib/boards/edu-ciaa-nxp.a(board_lpcopen.o)
Chip_ADC_ReadValue                                build/lib/boards/edu-ciaa-nxp.a(adc_18xx_43xx.o)
                                                  build/lib/boards/edu-ciaa-nxp.a(board_lpcopen.o)
Chip_ADC_SetBurstCmd                              build/lib/boards/edu-ciaa-nxp.a(adc_18xx_43xx.o)
                                                  build/lib/boards/edu-ciaa-nxp.a(board_lpcopen.o)
Chip_ADC_SetResolution                            build/lib/boards/edu-ciaa-nxp.a(adc_18xx_43xx.o)
                                                  build/lib/boards/edu-ciaa-nxp.a(board_lpcopen.o)
Chip_ADC_SetSampleRate                            build/lib/boards/edu-ciaa-nxp.a(adc_18xx_43xx.o)
                                                  build/lib/boards/edu-ciaa-nxp.a(board_lpcopen.o)
Chip_ADC_SetStartMode                             build/lib/boards/edu-ciaa-nxp.a(adc_18xx_43xx.o)
                                                  build/lib/boards/edu-ciaa-nxp.a(board_lpcopen.o)
Chip_Clock_CalcMainPLLValue                       build/lib/boards/edu-ciaa-nxp.a(clock_18xx_43xx.o)
                                                  build/lib/boards/edu-ciaa-nxp.a(sysinit_18xx_43xx.o)
Chip_Clock_ClearPowerDown                         build/lib/boards/edu-ciaa-nxp.a(clock_18xx_43xx.o)
Chip_Clock_Disable                                build/lib/boards/edu-ciaa-nxp.a(clock_18xx_43xx.o)
                                                  build/lib/boards/edu-ciaa-nxp.a(ssp_18xx_43xx.o)
                                                  build/lib/boards/edu-ciaa-nxp.a(uart_18xx_43xx.o)
                                                  build/lib/boards/edu-ciaa-nxp.a(i2c_18xx_43xx.o)
                                                  build/lib/boards/edu-ciaa-nxp.a(adc_18xx_43xx.o)
Chip_Clock_DisableBaseClock                       build/lib/boards/edu-ciaa-nxp.a(clock_18xx_43xx.o)
Chip_Clock_DisableCrystal                         build/lib/boards/edu-ciaa-nxp.a(clock_18xx_43xx.o)
Chip_Clock_DisablePLL                             build/lib/boards/edu-ciaa-nxp.a(clock_18xx_43xx.o)
Chip_Clock_Enable                                 build/lib/boards/edu-ciaa-nxp.a(clock_18xx_43xx.o)
                                                  build/lib/boards/edu-ciaa-nxp.a(ssp_18xx_43xx.o)
                                                  build/lib/boards/edu-ciaa-nxp.a(i2c_18xx_43xx.o)
Chip_Clock_EnableBaseClock                        build/lib/boards/edu-ciaa-nxp.a(clock_18xx_43xx.o)
                                                  build/lib/boards/edu-ciaa-nxp.a(chip_18xx_43xx.o)
Chip_Clock_EnableCrystal                          build/lib/boards/edu-ciaa-nxp.a(clock_18xx_43xx.o)
                                                  build/lib/boards/edu-ciaa-nxp.a(sysinit_18xx_43xx.o)
Chip_Clock_EnableOpts                             build/lib/boards/edu-ciaa-nxp.a(clock_18xx_43xx.o)
                                                  build/lib/boards/edu-ciaa-nxp.a(chip_18xx_43xx.o)
                                                  build/lib/boards/edu-ciaa-nxp.a(uart_18xx_43xx.o)
                                                  build/lib/boards/edu-ciaa-nxp.a(adc_18xx_43xx.o)
Chip_Clock_EnablePLL                              build/lib/boards/edu-ciaa-nxp.a(clock_18xx_43xx.o)
                                                  build/lib/boards/edu-ciaa-nxp.a(chip_18xx_43xx.o)
Chip_Clock_GetBaseClock                           build/lib/boards/edu-ciaa-nxp.a(clock_18xx_43xx.o)
Chip_Clock_GetBaseClockOpts                       build/lib/boards/edu-ciaa-nxp.a(clock_18xx_43xx.o)
Chip_Clock_GetBaseClocktHz                        build/lib/boards/edu-ciaa-nxp.a(clock_18xx_43xx.o)
Chip_Clock_GetClockInputHz                        build/lib/boards/edu-ciaa-nxp.a(clock_18xx_43xx.o)
                                                  build/lib/boards/edu-ciaa-nxp.a(chip_18xx_43xx.o)
Chip_Clock_GetDividerDivisor                      build/lib/boards/edu-ciaa-nxp.a(clock_18xx_43xx.o)
Chip_Clock_GetDividerSource                       build/lib/boards/edu-ciaa-nxp.a(clock_18xx_43xx.o)
Chip_Clock_GetEMCRate                             build/lib/boards/edu-ciaa-nxp.a(clock_18xx_43xx.o)
Chip_Clock_GetMainPLLHz                           build/lib/boards/edu-ciaa-nxp.a(clock_18xx_43xx.o)
Chip_Clock_GetPLLStatus                           build/lib/boards/edu-ciaa-nxp.a(clock_18xx_43xx.o)
                                                  build/lib/boards/edu-ciaa-nxp.a(chip_18xx_43xx.o)
Chip_Clock_GetRate                                build/lib/boards/edu-ciaa-nxp.a(clock_18xx_43xx.o)
                                                  build/lib/boards/edu-ciaa-nxp.a(chip_18xx_43xx.o)
                                                  build/lib/boards/edu-ciaa-nxp.a(ssp_18xx_43xx.o)
                                                  build/lib/boards/edu-ciaa-nxp.a(uart_18xx_43xx.o)
                                                  build/lib/boards/edu-ciaa-nxp.a(i2c_18xx_43xx.o)
                                                  build/lib/boards/edu-ciaa-nxp.a(adc_18xx_43xx.o)
Chip_Clock_IsBaseClockEnabled                     build/lib/boards/edu-ciaa-nxp.a(clock_18xx_43xx.o)
Chip_Clock_RTCEnable                              build/lib/boards/edu-ciaa-nxp.a(clock_18xx_43xx.o)
Chip_Clock_SetBaseClock                           build/lib/boards/edu-ciaa-nxp.a(clock_18xx_43xx.o)
                                                  build/lib/boards/edu-ciaa-nxp.a(chip_18xx_43xx.o)
                                                  build/lib/boards/edu-ciaa-nxp.a(sysinit_18xx_43xx.o)
                                                  build/lib/boards/edu-ciaa-nxp.a(board_sysinit.o)
Chip_Clock_SetDivider                             build/lib/boards/edu-ciaa-nxp.a(clock_18xx_43xx.o)
                                                  build/lib/boards/edu-ciaa-nxp.a(chip_18xx_43xx.o)
Chip_Clock_SetupMainPLLHz                         build/lib/boards/edu-ciaa-nxp.a(clock_18xx_43xx.o)
Chip_Clock_SetupMainPLLMult                       build/lib/boards/edu-ciaa-nxp.a(clock_18xx_43xx.o)
Chip_Clock_SetupPLL                               build/lib/boards/edu-ciaa-nxp.a(clock_18xx_43xx.o)
                                                  build/lib/boards/edu-ciaa-nxp.a(chip_18xx_43xx.o)
Chip_Clock_StartPowerDown                         build/lib/boards/edu-ciaa-nxp.a(clock_18xx_43xx.o)
Chip_GPIO_DeInit                                  build/lib/boards/edu-ciaa-nxp.a(gpio_18xx_43xx.o)
Chip_GPIO_Init                                    build/lib/boards/edu-ciaa-nxp.a(gpio_18xx_43xx.o)
                                                  build/lib/boards/edu-ciaa-nxp.a(board_lpcopen.o)
Chip_I2C_DeInit                                   build/lib/boards/edu-ciaa-nxp.a(i2c_18xx_43xx.o)
Chip_I2C_Disable                                  build/lib/boards/edu-ciaa-nxp.a(i2c_18xx_43xx.o)
Chip_I2C_EventHandler                             build/lib/boards/edu-ciaa-nxp.a(i2c_18xx_43xx.o)
Chip_I2C_EventHandlerPolling                      build/lib/boards/edu-ciaa-nxp.a(i2c_18xx_43xx.o)
Chip_I2C_GetClockRate                             build/lib/boards/edu-ciaa-nxp.a(i2c_18xx_43xx.o)
Chip_I2C_GetMasterEventHandler                    build/lib/boards/edu-ciaa-nxp.a(i2c_18xx_43xx.o)
Chip_I2C_Init                                     build/lib/boards/edu-ciaa-nxp.a(i2c_18xx_43xx.o)
                                                  build/lib/boards/edu-ciaa-nxp.a(board_lpcopen.o)
Chip_I2C_IsMasterActive                           build/lib/boards/edu-ciaa-nxp.a(i2c_18xx_43xx.o)
Chip_I2C_IsStateChanged                           build/lib/boards/edu-ciaa-nxp.a(i2c_18xx_43xx.o)
Chip_I2C_MasterCmdRead                            build/lib/boards/edu-ciaa-nxp.a(i2c_18xx_43xx.o)
Chip_I2C_MasterRead                               build/lib/boards/edu-ciaa-nxp.a(i2c_18xx_43xx.o)
Chip_I2C_MasterSend                               build/lib/boards/edu-ciaa-nxp.a(i2c_18xx_43xx.o)
Chip_I2C_MasterStateHandler                       build/lib/boards/edu-ciaa-nxp.a(i2c_18xx_43xx.o)
Chip_I2C_MasterTransfer                           build/lib/boards/edu-ciaa-nxp.a(i2c_18xx_43xx.o)
Chip_I2C_SetClockRate                             build/lib/boards/edu-ciaa-nxp.a(i2c_18xx_43xx.o)
                                                  build/lib/boards/edu-ciaa-nxp.a(board_lpcopen.o)
Chip_I2C_SetMasterEventHandler                    build/lib/boards/edu-ciaa-nxp.a(i2c_18xx_43xx.o)
Chip_I2C_SlaveSetup                               build/lib/boards/edu-ciaa-nxp.a(i2c_18xx_43xx.o)
Chip_I2C_SlaveStateHandler                        build/lib/boards/edu-ciaa-nxp.a(i2c_18xx_43xx.o)
Chip_SSP_DeInit                                   build/lib/boards/edu-ciaa-nxp.a(ssp_18xx_43xx.o)
Chip_SSP_Init                                     build/lib/boards/edu-ciaa-nxp.a(ssp_18xx_43xx.o)
                                                  build/lib/boards/edu-ciaa-nxp.a(board_lpcopen.o)
Chip_SSP_Int_FlushData                            build/lib/boards/edu-ciaa-nxp.a(ssp_18xx_43xx.o)
Chip_SSP_Int_RWFrames16Bits                       build/lib/boards/edu-ciaa-nxp.a(ssp_18xx_43xx.o)
Chip_SSP_Int_RWFrames8Bits                        build/lib/boards/edu-ciaa-nxp.a(ssp_18xx_43xx.o)
Chip_SSP_RWFrames_Blocking                        build/lib/boards/edu-ciaa-nxp.a(ssp_18xx_43xx.o)
Chip_SSP_ReadFrames_Blocking                      build/lib/boards/edu-ciaa-nxp.a(ssp_18xx_43xx.o)
Chip_SSP_SetBitRate                               build/lib/boards/edu-ciaa-nxp.a(ssp_18xx_43xx.o)
                                                  build/lib/boards/edu-ciaa-nxp.a(board_lpcopen.o)
Chip_SSP_SetClockRate                             build/lib/boards/edu-ciaa-nxp.a(ssp_18xx_43xx.o)
Chip_SSP_SetMaster                                build/lib/boards/edu-ciaa-nxp.a(ssp_18xx_43xx.o)
Chip_SSP_WriteFrames_Blocking                     build/lib/boards/edu-ciaa-nxp.a(ssp_18xx_43xx.o)
Chip_SetupCoreClock                               build/lib/boards/edu-ciaa-nxp.a(sysinit_18xx_43xx.o)
                                                  build/lib/boards/edu-ciaa-nxp.a(board_sysinit.o)
Chip_SetupIrcClocking                             build/lib/boards/edu-ciaa-nxp.a(sysinit_18xx_43xx.o)
Chip_SetupXtalClocking                            build/lib/boards/edu-ciaa-nxp.a(sysinit_18xx_43xx.o)
Chip_SystemInit                                   build/lib/boards/edu-ciaa-nxp.a(sysinit_18xx_43xx.o)
Chip_UART_ABCmd                                   build/lib/boards/edu-ciaa-nxp.a(uart_18xx_43xx.o)
Chip_UART_CheckBusy                               build/lib/boards/edu-ciaa-nxp.a(uart_18xx_43xx.o)
Chip_UART_DeInit                                  build/lib/boards/edu-ciaa-nxp.a(uart_18xx_43xx.o)
Chip_UART_GetABEOStatus                           build/lib/boards/edu-ciaa-nxp.a(uart_18xx_43xx.o)
Chip_UART_IRQRBHandler                            build/lib/boards/edu-ciaa-nxp.a(uart_18xx_43xx.o)
Chip_UART_Init                                    build/lib/boards/edu-ciaa-nxp.a(uart_18xx_43xx.o)
                                                  build/lib/boards/edu-ciaa-nxp.a(board_lpcopen.o)
Chip_UART_RXIntHandlerRB                          build/lib/boards/edu-ciaa-nxp.a(uart_18xx_43xx.o)
Chip_UART_Read                                    build/lib/boards/edu-ciaa-nxp.a(uart_18xx_43xx.o)
Chip_UART_ReadBlocking                            build/lib/boards/edu-ciaa-nxp.a(uart_18xx_43xx.o)
Chip_UART_ReadRB                                  build/lib/boards/edu-ciaa-nxp.a(uart_18xx_43xx.o)
Chip_UART_Send                                    build/lib/boards/edu-ciaa-nxp.a(uart_18xx_43xx.o)
Chip_UART_SendBlocking                            build/lib/boards/edu-ciaa-nxp.a(uart_18xx_43xx.o)
Chip_UART_SendRB                                  build/lib/boards/edu-ciaa-nxp.a(uart_18xx_43xx.o)
Chip_UART_SetBaud                                 build/lib/boards/edu-ciaa-nxp.a(uart_18xx_43xx.o)
Chip_UART_SetBaudFDR                              build/lib/boards/edu-ciaa-nxp.a(uart_18xx_43xx.o)
                                                  build/lib/boards/edu-ciaa-nxp.a(board_lpcopen.o)
Chip_UART_TXIntHandlerRB                          build/lib/boards/edu-ciaa-nxp.a(uart_18xx_43xx.o)
Chip_USB0_Init                                    build/lib/boards/edu-ciaa-nxp.a(chip_18xx_43xx.o)
Chip_USB1_Init                                    build/lib/boards/edu-ciaa-nxp.a(chip_18xx_43xx.o)
DebugMon_Handler                                  build/lib/boards/edu-ciaa-nxp.a(armv7m_startup.o)
DigitalInputAllocate                              build/obj/src/digital.o
DigitalInputCreate                                build/obj/src/digital.o
                                                  build/obj/src/main.o
DigitalInputGetState                              build/obj/src/digital.o
                                                  build/obj/src/main.o
DigitalOutputActivate                             build/obj/src/digital.o
                                                  build/obj/src/main.o
DigitalOutputAllocate                             build/obj/src/digital.o
DigitalOutputCreate                               build/obj/src/digital.o
                                                  build/obj/src/main.o
DigitalOutputDeactivate                           build/obj/src/digital.o
                                                  build/obj/src/main.o
DigitalOutputToogle                               build/obj/src/digital.o
                                                  build/obj/src/main.o
ExtRateIn                                         build/lib/boards/edu-ciaa-nxp.a(board_lpcopen.o)
                                                  build/lib/boards/edu-ciaa-nxp.a(clock_18xx_43xx.o)
HardFault_Handler                                 build/lib/boards/edu-ciaa-nxp.a(armv7m_startup.o)
MemManage_Handler                                 build/lib/boards/edu-ciaa-nxp.a(armv7m_startup.o)
NMI_Handler                                       build/lib/boards/edu-ciaa-nxp.a(armv7m_startup.o)
OscRateIn                                         build/lib/boards/edu-ciaa-nxp.a(board_lpcopen.o)
                                                  build/lib/boards/edu-ciaa-nxp.a(clock_18xx_43xx.o)
PendSV_Handler                                    build/lib/boards/edu-ciaa-nxp.a(armv7m_startup.o)
Reset_Handler                                     build/lib/boards/edu-ciaa-nxp.a(armv7m_startup.o)
RingBuffer_Init                                   build/lib/boards/edu-ciaa-nxp.a(ring_buffer.o)
RingBuffer_Insert                                 build/lib/boards/edu-ciaa-nxp.a(ring_buffer.o)
                                                  build/lib/boards/edu-ciaa-nxp.a(uart_18xx_43xx.o)
RingBuffer_InsertMult                             build/lib/boards/edu-ciaa-nxp.a(ring_buffer.o)
                                                  build/lib/boards/edu-ciaa-nxp.a(uart_18xx_43xx.o)
RingBuffer_Pop                                    build/lib/boards/edu-ciaa-nxp.a(ring_buffer.o)
                                                  build/lib/boards/edu-ciaa-nxp.a(uart_18xx_43xx.o)
RingBuffer_PopMult                                build/lib/boards/edu-ciaa-nxp.a(ring_buffer.o)
                                                  build/lib/boards/edu-ciaa-nxp.a(uart_18xx_43xx.o)
SVC_Handler                                       build/lib/boards/edu-ciaa-nxp.a(armv7m_startup.o)
SysTick_Handler                                   build/lib/boards/edu-ciaa-nxp.a(armv7m_startup.o)
SystemCoreClock                                   build/lib/boards/edu-ciaa-nxp.a(chip_18xx_43xx.o)
SystemCoreClockUpdate                             build/lib/boards/edu-ciaa-nxp.a(chip_18xx_43xx.o)
                                                  build/lib/boards/edu-ciaa-nxp.a(board_sysinit.o)
SystemInit                                        build/lib/boards/edu-ciaa-nxp.a(sysinit.o)
                                                  build/lib/boards/edu-ciaa-nxp.a(armv7m_startup.o)
UsageFault_Handler                                build/lib/boards/edu-ciaa-nxp.a(armv7m_startup.o)
__aeabi_idiv0                                     /home/sebastian/CIAA/CIAA_Software_1.0-linux-x64/tools/gcc-arm-embedded/bin/../lib/gcc/arm-none-eabi/8.2.1/thumb/v7e-m+fp/softfp/libgcc.a(_dvmd_tls.o)
__aeabi_ldiv0                                     /home/sebastian/CIAA/CIAA_Software_1.0-linux-x64/tools/gcc-arm-embedded/bin/../lib/gcc/arm-none-eabi/8.2.1/thumb/v7e-m+fp/softfp/libgcc.a(_dvmd_tls.o)
                                                  /home/sebastian/CIAA/CIAA_Software_1.0-linux-x64/tools/gcc-arm-embedded/bin/../lib/gcc/arm-none-eabi/8.2.1/thumb/v7e-m+fp/softfp/libgcc.a(_aeabi_uldivmod.o)
__aeabi_uldivmod                                  /home/sebastian/CIAA/CIAA_Software_1.0-linux-x64/tools/gcc-arm-embedded/bin/../lib/gcc/arm-none-eabi/8.2.1/thumb/v7e-m+fp/softfp/libgcc.a(_aeabi_uldivmod.o)
                                                  build/lib/boards/edu-ciaa-nxp.a(uart_18xx_43xx.o)
__bss_section_table_end                           build/lib/boards/edu-ciaa-nxp.a(armv7m_startup.o)
__data_section_table                              build/lib/boards/edu-ciaa-nxp.a(armv7m_startup.o)
__data_section_table_end                          build/lib/boards/edu-ciaa-nxp.a(armv7m_startup.o)
__init_array_end                                  /home/sebastian/CIAA/CIAA_Software_1.0-linux-x64/tools/gcc-arm-embedded/bin/../lib/gcc/arm-none-eabi/8.2.1/../../../../arm-none-eabi/lib/thumb/v7e-m+fp/softfp/libc_nano.a(lib_a-init.o)
__init_array_start                                /home/sebastian/CIAA/CIAA_Software_1.0-linux-x64/tools/gcc-arm-embedded/bin/../lib/gcc/arm-none-eabi/8.2.1/../../../../arm-none-eabi/lib/thumb/v7e-m+fp/softfp/libc_nano.a(lib_a-init.o)
__libc_init_array                                 /home/sebastian/CIAA/CIAA_Software_1.0-linux-x64/tools/gcc-arm-embedded/bin/../lib/gcc/arm-none-eabi/8.2.1/../../../../arm-none-eabi/lib/thumb/v7e-m+fp/softfp/libc_nano.a(lib_a-init.o)
                                                  build/lib/boards/edu-ciaa-nxp.a(armv7m_startup.o)
__preinit_array_end                               /home/sebastian/CIAA/CIAA_Software_1.0-linux-x64/tools/gcc-arm-embedded/bin/../lib/gcc/arm-none-eabi/8.2.1/../../../../arm-none-eabi/lib/thumb/v7e-m+fp/softfp/libc_nano.a(lib_a-init.o)
__preinit_array_start                             /home/sebastian/CIAA/CIAA_Software_1.0-linux-x64/tools/gcc-arm-embedded/bin/../lib/gcc/arm-none-eabi/8.2.1/../../../../arm-none-eabi/lib/thumb/v7e-m+fp/softfp/libc_nano.a(lib_a-init.o)
__stdio_getchar                                   build/lib/boards/edu-ciaa-nxp.a(board_lpcopen.o)
__stdio_init                                      build/lib/boards/edu-ciaa-nxp.a(board_lpcopen.o)
__stdio_putchar                                   build/lib/boards/edu-ciaa-nxp.a(board_lpcopen.o)
__udivmoddi4                                      /home/sebastian/CIAA/CIAA_Software_1.0-linux-x64/tools/gcc-arm-embedded/bin/../lib/gcc/arm-none-eabi/8.2.1/thumb/v7e-m+fp/softfp/libgcc.a(_udivmoddi4.o)
                                                  /home/sebastian/CIAA/CIAA_Software_1.0-linux-x64/tools/gcc-arm-embedded/bin/../lib/gcc/arm-none-eabi/8.2.1/thumb/v7e-m+fp/softfp/libgcc.a(_aeabi_uldivmod.o)
__valid_user_code_checksum                        build/lib/boards/edu-ciaa-nxp.a(armv7m_startup.o)
_fini                                             build/lib/boards/edu-ciaa-nxp.a(armv7m_startup.o)
_init                                             build/lib/boards/edu-ciaa-nxp.a(armv7m_startup.o)
                                                  /home/sebastian/CIAA/CIAA_Software_1.0-linux-x64/tools/gcc-arm-embedded/bin/../lib/gcc/arm-none-eabi/8.2.1/../../../../arm-none-eabi/lib/thumb/v7e-m+fp/softfp/libc_nano.a(lib_a-init.o)
_vStackTop                                        build/lib/boards/edu-ciaa-nxp.a(armv7m_startup.o)
bss_init                                          build/lib/boards/edu-ciaa-nxp.a(armv7m_startup.o)
data_init                                         build/lib/boards/edu-ciaa-nxp.a(armv7m_startup.o)
g_pfnVectors                                      build/lib/boards/edu-ciaa-nxp.a(armv7m_startup.o)
                                                  build/lib/boards/edu-ciaa-nxp.a(sysinit.o)
getSlaveIndex                                     build/lib/boards/edu-ciaa-nxp.a(i2c_18xx_43xx.o)
handleMasterXferState                             build/lib/boards/edu-ciaa-nxp.a(i2c_18xx_43xx.o)
handleSlaveXferState                              build/lib/boards/edu-ciaa-nxp.a(i2c_18xx_43xx.o)
initialise_monitor_handles                        build/lib/boards/edu-ciaa-nxp.a(armv7m_startup.o)
main                                              build/obj/src/main.o
                                                  build/lib/boards/edu-ciaa-nxp.a(armv7m_startup.o)
memcpy                                            /home/sebastian/CIAA/CIAA_Software_1.0-linux-x64/tools/gcc-arm-embedded/bin/../lib/gcc/arm-none-eabi/8.2.1/../../../../arm-none-eabi/lib/thumb/v7e-m+fp/softfp/libc_nano.a(lib_a-memcpy-stub.o)
                                                  build/lib/boards/edu-ciaa-nxp.a(ring_buffer.o)
memset                                            /home/sebastian/CIAA/CIAA_Software_1.0-linux-x64/tools/gcc-arm-embedded/bin/../lib/gcc/arm-none-eabi/8.2.1/../../../../arm-none-eabi/lib/thumb/v7e-m+fp/softfp/libc_nano.a(lib_a-memset.o)
                                                  build/lib/boards/edu-ciaa-nxp.a(clock_18xx_43xx.o)
readAdcVal                                        build/lib/boards/edu-ciaa-nxp.a(adc_18xx_43xx.o)
setStartMode                                      build/lib/boards/edu-ciaa-nxp.a(adc_18xx_43xx.o)
